2026-03-10 10:34:51,680 [INFO] AIEngine.Core [869]: 🚀 AI Engine v5.0 start_ai() called
2026-03-10 10:35:02,423 [INFO] AIEngine.YOLO [102]: Loading yolov8n.pt...
2026-03-10 10:35:02,943 [INFO] AIEngine.YOLO [106]: ✅ YOLO ready 0.5s
2026-03-10 10:35:06,659 [INFO] AIEngine.OCR [110]: Loading EasyOCR langs=['en'] gpu=False...
2026-03-10 10:35:09,814 [INFO] AIEngine.OCR [112]: ✅ EasyOCR ready 3.2s
2026-03-10 10:35:09,815 [INFO] AIEngine.Core [116]: Models YOLO=✅ OCR=✅
2026-03-10 10:35:09,818 [INFO] AIEngine.MQTT [149]: MQTT async started
2026-03-10 10:35:09,819 [INFO] AIEngine.Core [730]: 🤖 AI Engine v5.0 loop starting...
2026-03-10 10:35:09,820 [INFO] AIEngine.Core [880]: ✅ Thread started | YOLO=True OCR=True MQTT=broker.hivemq.com
2026-03-10 10:35:09,820 [INFO] AIEngine.Health [637]: 🩺 Health 30s
2026-03-10 10:35:09,821 [INFO] AIEngine.Core [658]: ⏱ Watchdog 12s
2026-03-10 10:35:15,832 [INFO] AIEngine.MQTT [132]: ✅ MQTT broker.hivemq.com:1883
2026-03-10 10:35:16,193 [INFO] AIEngine.Core [722]: ✅ Camera 1280x720@20FPS src=0
2026-03-10 10:35:16,195 [INFO] AIEngine.Core [758]: ✅ Loop ready | FPS=20 YOLO=True OCR=True SIM=False
2026-03-10 10:35:16,584 [DEBUG] AIEngine.YOLO [710]: YOLO 0 xe
2026-03-10 10:35:16,624 [DEBUG] AIEngine.Ctx [580]: ctx veh=0 spd=0.0 fps=0.0
2026-03-10 10:35:16,693 [DEBUG] AIEngine.YOLO [710]: YOLO 0 xe
2026-03-10 10:35:16,771 [DEBUG] AIEngine.YOLO [710]: YOLO 0 xe
2026-03-10 10:35:16,839 [DEBUG] AIEngine.YOLO [710]: YOLO 0 xe
2026-03-10 10:35:16,917 [DEBUG] AIEngine.YOLO [710]: YOLO 0 xe
2026-03-10 10:35:16,988 [DEBUG] AIEngine.YOLO [710]: YOLO 0 xe
2026-03-10 10:35:17,059 [DEBUG] AIEngine.YOLO [710]: YOLO 0 xe
2026-03-10 10:35:17,133 [DEBUG] AIEngine.YOLO [710]: YOLO 0 xe
2026-03-10 10:35:17,203 [DEBUG] AIEngine.YOLO [710]: YOLO 0 xe
2026-03-10 10:35:17,276 [DEBUG] AIEngine.YOLO [710]: YOLO 0 xe
2026-03-10 10:35:17,346 [DEBUG] AIEngine.YOLO [710]: YOLO 0 xe
2026-03-10 10:35:17,424 [DEBUG] AIEngine.YOLO [710]: YOLO 0 xe
2026-03-10 10:35:17,498 [DEBUG] AIEngine.YOLO [710]: YOLO 0 xe
2026-03-10 10:35:17,580 [DEBUG] AIEngine.YOLO [710]: YOLO 0 xe
2026-03-10 10:35:17,660 [DEBUG] AIEngine.YOLO [710]: YOLO 0 xe
2026-03-10 10:35:17,730 [DEBUG] AIEngine.YOLO [710]: YOLO 0 xe
2026-03-10 10:35:17,812 [DEBUG] AIEngine.YOLO [710]: YOLO 0 xe
2026-03-10 10:35:17,878 [DEBUG] AIEngine.YOLO [710]: YOLO 0 xe
2026-03-10 10:35:17,939 [DEBUG] AIEngine.YOLO [710]: YOLO 0 xe
2026-03-10 10:35:18,015 [DEBUG] AIEngine.YOLO [710]: YOLO 0 xe
2026-03-10 10:35:18,098 [DEBUG] AIEngine.YOLO [710]: YOLO 0 xe
2026-03-10 10:35:18,180 [DEBUG] AIEngine.YOLO [710]: YOLO 0 xe
2026-03-10 10:35:18,265 [DEBUG] AIEngine.YOLO [710]: YOLO 0 xe
2026-03-10 10:35:18,345 [DEBUG] AIEngine.YOLO [710]: YOLO 0 xe
2026-03-10 10:35:18,436 [DEBUG] AIEngine.YOLO [710]: YOLO 0 xe
2026-03-10 10:35:18,583 [DEBUG] AIEngine.YOLO [710]: YOLO 0 xe
2026-03-10 10:35:18,695 [DEBUG] AIEngine.YOLO [710]: YOLO 0 xe
2026-03-10 10:35:18,706 [DEBUG] AIEngine.Ctx [580]: ctx veh=0 spd=0.0 fps=12.4
2026-03-10 10:35:18,804 [DEBUG] AIEngine.YOLO [710]: YOLO 0 xe
2026-03-10 10:35:18,899 [DEBUG] AIEngine.YOLO [710]: YOLO 0 xe
2026-03-10 10:35:19,013 [DEBUG] AIEngine.YOLO [710]: YOLO 0 xe
2026-03-10 10:35:19,120 [DEBUG] AIEngine.YOLO [710]: YOLO 0 xe
2026-03-10 10:35:19,203 [DEBUG] AIEngine.YOLO [710]: YOLO 0 xe
2026-03-10 10:35:19,297 [DEBUG] AIEngine.YOLO [710]: YOLO 0 xe
2026-03-10 10:35:19,382 [DEBUG] AIEngine.YOLO [710]: YOLO 0 xe
2026-03-10 10:35:19,469 [DEBUG] AIEngine.YOLO [710]: YOLO 0 xe
2026-03-10 10:35:19,560 [DEBUG] AIEngine.YOLO [710]: YOLO 0 xe
2026-03-10 10:35:19,690 [DEBUG] AIEngine.YOLO [710]: YOLO 0 xe
2026-03-10 10:35:19,768 [DEBUG] AIEngine.YOLO [710]: YOLO 0 xe
2026-03-10 10:35:19,853 [DEBUG] AIEngine.YOLO [710]: YOLO 0 xe
2026-03-10 10:35:19,929 [DEBUG] AIEngine.YOLO [710]: YOLO 0 xe
2026-03-10 10:35:20,009 [DEBUG] AIEngine.YOLO [710]: YOLO 0 xe
2026-03-10 10:35:20,086 [DEBUG] AIEngine.YOLO [710]: YOLO 0 xe
2026-03-10 10:35:20,168 [DEBUG] AIEngine.YOLO [710]: YOLO 0 xe
2026-03-10 10:35:20,248 [DEBUG] AIEngine.YOLO [710]: YOLO 0 xe
2026-03-10 10:35:20,326 [DEBUG] AIEngine.YOLO [710]: YOLO 0 xe
2026-03-10 10:35:20,414 [DEBUG] AIEngine.YOLO [710]: YOLO 0 xe
2026-03-10 10:35:20,503 [DEBUG] AIEngine.YOLO [710]: YOLO 0 xe
2026-03-10 10:35:20,593 [DEBUG] AIEngine.YOLO [710]: YOLO 0 xe
2026-03-10 10:35:20,700 [DEBUG] AIEngine.YOLO [710]: YOLO 0 xe
2026-03-10 10:35:20,714 [DEBUG] AIEngine.Ctx [580]: ctx veh=0 spd=0.0 fps=10.8
2026-03-10 10:35:20,795 [DEBUG] AIEngine.YOLO [710]: YOLO 0 xe
2026-03-10 10:35:20,894 [DEBUG] AIEngine.YOLO [710]: YOLO 0 xe
2026-03-10 10:35:21,003 [DEBUG] AIEngine.YOLO [710]: YOLO 0 xe
2026-03-10 10:35:21,114 [DEBUG] AIEngine.YOLO [710]: YOLO 0 xe
2026-03-10 10:35:21,297 [DEBUG] AIEngine.YOLO [710]: YOLO 0 xe
2026-03-10 10:35:21,640 [DEBUG] AIEngine.YOLO [710]: YOLO 0 xe
2026-03-10 10:35:21,902 [DEBUG] AIEngine.YOLO [710]: YOLO 0 xe
2026-03-10 10:35:22,213 [DEBUG] AIEngine.YOLO [710]: YOLO 0 xe
2026-03-10 10:35:22,407 [DEBUG] AIEngine.YOLO [710]: YOLO 0 xe
2026-03-10 10:35:22,656 [DEBUG] AIEngine.YOLO [710]: YOLO 0 xe
2026-03-10 10:35:22,779 [DEBUG] AIEngine.YOLO [710]: YOLO 0 xe
2026-03-10 10:35:22,795 [DEBUG] AIEngine.Ctx [580]: ctx veh=0 spd=0.0 fps=7.9
2026-03-10 10:35:22,907 [DEBUG] AIEngine.YOLO [710]: YOLO 0 xe
2026-03-10 10:35:23,029 [DEBUG] AIEngine.YOLO [710]: YOLO 0 xe
2026-03-10 10:35:23,138 [DEBUG] AIEngine.YOLO [710]: YOLO 0 xe
2026-03-10 10:35:23,266 [DEBUG] AIEngine.YOLO [710]: YOLO 0 xe
2026-03-10 10:35:23,393 [DEBUG] AIEngine.YOLO [710]: YOLO 0 xe
2026-03-10 10:35:23,487 [DEBUG] AIEngine.YOLO [710]: YOLO 0 xe
2026-03-10 10:35:23,583 [DEBUG] AIEngine.YOLO [710]: YOLO 0 xe
2026-03-10 10:35:23,731 [DEBUG] AIEngine.YOLO [710]: YOLO 0 xe
2026-03-10 10:35:23,821 [DEBUG] AIEngine.YOLO [710]: YOLO 0 xe
2026-03-10 10:35:23,926 [DEBUG] AIEngine.YOLO [710]: YOLO 0 xe
2026-03-10 10:35:24,017 [DEBUG] AIEngine.YOLO [710]: YOLO 0 xe
2026-03-10 10:35:24,113 [DEBUG] AIEngine.YOLO [710]: YOLO 0 xe
2026-03-10 10:35:24,252 [DEBUG] AIEngine.YOLO [710]: YOLO 0 xe
2026-03-10 10:35:24,378 [DEBUG] AIEngine.YOLO [710]: YOLO 0 xe
2026-03-10 10:35:24,558 [DEBUG] AIEngine.YOLO [710]: YOLO 0 xe
2026-03-10 10:35:24,673 [DEBUG] AIEngine.YOLO [710]: YOLO 0 xe
2026-03-10 10:35:24,799 [DEBUG] AIEngine.YOLO [710]: YOLO 0 xe
2026-03-10 10:35:24,810 [DEBUG] AIEngine.Ctx [580]: ctx veh=0 spd=0.0 fps=6.9
2026-03-10 10:35:24,891 [DEBUG] AIEngine.YOLO [710]: YOLO 0 xe
2026-03-10 10:35:24,989 [DEBUG] AIEngine.YOLO [710]: YOLO 0 xe
2026-03-10 10:35:25,090 [DEBUG] AIEngine.YOLO [710]: YOLO 0 xe
2026-03-10 10:35:25,184 [DEBUG] AIEngine.YOLO [710]: YOLO 0 xe
2026-03-10 10:35:25,276 [DEBUG] AIEngine.YOLO [710]: YOLO 0 xe
2026-03-10 10:35:25,367 [DEBUG] AIEngine.YOLO [710]: YOLO 0 xe
2026-03-10 10:35:25,489 [DEBUG] AIEngine.YOLO [710]: YOLO 0 xe
2026-03-10 10:35:25,634 [DEBUG] AIEngine.YOLO [710]: YOLO 0 xe
2026-03-10 10:35:25,744 [DEBUG] AIEngine.YOLO [710]: YOLO 0 xe
2026-03-10 10:35:25,845 [DEBUG] AIEngine.YOLO [710]: YOLO 0 xe
2026-03-10 10:35:25,943 [DEBUG] AIEngine.YOLO [710]: YOLO 0 xe
2026-03-10 10:35:26,026 [DEBUG] AIEngine.YOLO [710]: YOLO 0 xe
2026-03-10 10:35:26,113 [DEBUG] AIEngine.YOLO [710]: YOLO 0 xe
2026-03-10 10:35:26,205 [DEBUG] AIEngine.YOLO [710]: YOLO 0 xe
2026-03-10 10:35:26,351 [DEBUG] AIEngine.YOLO [710]: YOLO 0 xe
2026-03-10 10:35:26,448 [DEBUG] AIEngine.YOLO [710]: YOLO 0 xe
2026-03-10 10:35:26,541 [DEBUG] AIEngine.YOLO [710]: YOLO 0 xe
2026-03-10 10:35:26,629 [DEBUG] AIEngine.YOLO [710]: YOLO 0 xe
2026-03-10 10:35:26,719 [DEBUG] AIEngine.YOLO [710]: YOLO 0 xe
2026-03-10 10:35:26,810 [DEBUG] AIEngine.YOLO [710]: YOLO 0 xe
2026-03-10 10:35:26,821 [DEBUG] AIEngine.Ctx [580]: ctx veh=0 spd=0.0 fps=9.4
2026-03-10 10:35:26,908 [DEBUG] AIEngine.YOLO [710]: YOLO 0 xe
2026-03-10 10:35:27,006 [DEBUG] AIEngine.YOLO [710]: YOLO 0 xe
2026-03-10 10:35:27,095 [DEBUG] AIEngine.YOLO [710]: YOLO 0 xe
2026-03-10 10:35:27,182 [DEBUG] AIEngine.YOLO [710]: YOLO 0 xe
2026-03-10 10:35:27,309 [DEBUG] AIEngine.YOLO [710]: YOLO 0 xe
2026-03-10 10:35:27,419 [DEBUG] AIEngine.YOLO [710]: YOLO 0 xe
2026-03-10 10:35:27,509 [DEBUG] AIEngine.YOLO [710]: YOLO 0 xe
2026-03-10 10:35:27,591 [DEBUG] AIEngine.YOLO [710]: YOLO 0 xe
2026-03-10 10:35:27,685 [DEBUG] AIEngine.YOLO [710]: YOLO 0 xe
2026-03-10 10:35:27,770 [DEBUG] AIEngine.YOLO [710]: YOLO 0 xe
2026-03-10 10:35:27,857 [DEBUG] AIEngine.YOLO [710]: YOLO 0 xe
2026-03-10 10:35:27,944 [DEBUG] AIEngine.YOLO [710]: YOLO 0 xe
2026-03-10 10:35:28,052 [DEBUG] AIEngine.YOLO [710]: YOLO 0 xe
2026-03-10 10:35:28,144 [DEBUG] AIEngine.YOLO [710]: YOLO 0 xe
2026-03-10 10:35:28,241 [DEBUG] AIEngine.YOLO [710]: YOLO 0 xe
2026-03-10 10:35:28,319 [DEBUG] AIEngine.YOLO [710]: YOLO 0 xe
2026-03-10 10:35:28,405 [DEBUG] AIEngine.YOLO [710]: YOLO 0 xe
2026-03-10 10:35:28,494 [DEBUG] AIEngine.YOLO [710]: YOLO 0 xe
2026-03-10 10:35:28,590 [DEBUG] AIEngine.YOLO [710]: YOLO 0 xe
2026-03-10 10:35:28,697 [DEBUG] AIEngine.YOLO [710]: YOLO 0 xe
2026-03-10 10:35:28,782 [DEBUG] AIEngine.YOLO [710]: YOLO 0 xe
2026-03-10 10:35:28,868 [DEBUG] AIEngine.YOLO [710]: YOLO 0 xe
2026-03-10 10:35:28,881 [DEBUG] AIEngine.Ctx [580]: ctx veh=0 spd=0.0 fps=10.5
2026-03-10 10:35:28,963 [DEBUG] AIEngine.YOLO [710]: YOLO 0 xe
2026-03-10 10:35:29,043 [DEBUG] AIEngine.YOLO [710]: YOLO 0 xe
2026-03-10 10:35:29,125 [DEBUG] AIEngine.YOLO [710]: YOLO 0 xe
2026-03-10 10:35:29,205 [DEBUG] AIEngine.YOLO [710]: YOLO 0 xe
2026-03-10 10:35:29,289 [DEBUG] AIEngine.YOLO [710]: YOLO 0 xe
2026-03-10 10:35:29,374 [DEBUG] AIEngine.YOLO [710]: YOLO 0 xe
2026-03-10 10:35:29,459 [DEBUG] AIEngine.YOLO [710]: YOLO 0 xe
2026-03-10 10:35:29,546 [DEBUG] AIEngine.YOLO [710]: YOLO 0 xe
2026-03-10 10:35:29,628 [DEBUG] AIEngine.YOLO [710]: YOLO 0 xe
2026-03-10 10:35:29,715 [DEBUG] AIEngine.YOLO [710]: YOLO 0 xe
2026-03-10 10:35:29,800 [DEBUG] AIEngine.YOLO [710]: YOLO 0 xe
2026-03-10 10:35:29,890 [DEBUG] AIEngine.YOLO [710]: YOLO 0 xe
2026-03-10 10:35:29,970 [DEBUG] AIEngine.YOLO [710]: YOLO 0 xe
2026-03-10 10:35:30,061 [DEBUG] AIEngine.YOLO [710]: YOLO 0 xe
2026-03-10 10:35:30,148 [DEBUG] AIEngine.YOLO [710]: YOLO 0 xe
2026-03-10 10:35:30,228 [DEBUG] AIEngine.YOLO [710]: YOLO 0 xe
2026-03-10 10:35:30,315 [DEBUG] AIEngine.YOLO [710]: YOLO 0 xe
2026-03-10 10:35:30,400 [DEBUG] AIEngine.YOLO [710]: YOLO 0 xe
2026-03-10 10:35:30,502 [DEBUG] AIEngine.YOLO [710]: YOLO 0 xe
2026-03-10 10:35:30,589 [DEBUG] AIEngine.YOLO [710]: YOLO 0 xe
2026-03-10 10:35:30,670 [DEBUG] AIEngine.YOLO [710]: YOLO 0 xe
2026-03-10 10:35:30,765 [DEBUG] AIEngine.YOLO [710]: YOLO 0 xe
2026-03-10 10:35:30,866 [DEBUG] AIEngine.YOLO [710]: YOLO 0 xe
2026-03-10 10:35:30,953 [DEBUG] AIEngine.YOLO [710]: YOLO 0 xe
2026-03-10 10:35:30,965 [DEBUG] AIEngine.Ctx [580]: ctx veh=0 spd=0.0 fps=11.4
2026-03-10 10:35:31,037 [DEBUG] AIEngine.YOLO [710]: YOLO 0 xe
2026-03-10 10:35:31,118 [DEBUG] AIEngine.YOLO [710]: YOLO 0 xe
2026-03-10 10:35:31,195 [DEBUG] AIEngine.YOLO [710]: YOLO 0 xe
2026-03-10 10:35:31,279 [DEBUG] AIEngine.YOLO [710]: YOLO 0 xe
2026-03-10 10:35:31,364 [DEBUG] AIEngine.YOLO [710]: YOLO 0 xe
2026-03-10 10:35:31,446 [DEBUG] AIEngine.YOLO [710]: YOLO 0 xe
2026-03-10 10:35:31,527 [DEBUG] AIEngine.YOLO [710]: YOLO 0 xe
2026-03-10 10:35:31,608 [DEBUG] AIEngine.YOLO [710]: YOLO 0 xe
2026-03-10 10:35:31,691 [DEBUG] AIEngine.YOLO [710]: YOLO 0 xe
2026-03-10 10:35:31,769 [DEBUG] AIEngine.YOLO [710]: YOLO 0 xe
2026-03-10 10:35:31,850 [DEBUG] AIEngine.YOLO [710]: YOLO 0 xe
2026-03-10 10:35:31,939 [DEBUG] AIEngine.YOLO [710]: YOLO 0 xe
2026-03-10 10:35:32,025 [DEBUG] AIEngine.YOLO [710]: YOLO 0 xe
2026-03-10 10:35:32,111 [DEBUG] AIEngine.YOLO [710]: YOLO 0 xe
2026-03-10 10:35:32,197 [DEBUG] AIEngine.YOLO [710]: YOLO 0 xe
2026-03-10 10:35:32,279 [DEBUG] AIEngine.YOLO [710]: YOLO 0 xe
2026-03-10 10:35:32,362 [DEBUG] AIEngine.YOLO [710]: YOLO 0 xe
2026-03-10 10:35:32,448 [DEBUG] AIEngine.YOLO [710]: YOLO 0 xe
2026-03-10 10:35:32,529 [DEBUG] AIEngine.YOLO [710]: YOLO 0 xe
2026-03-10 10:35:32,610 [DEBUG] AIEngine.YOLO [710]: YOLO 0 xe
2026-03-10 10:35:32,693 [DEBUG] AIEngine.YOLO [710]: YOLO 0 xe
2026-03-10 10:35:32,775 [DEBUG] AIEngine.YOLO [710]: YOLO 0 xe
2026-03-10 10:35:32,859 [DEBUG] AIEngine.YOLO [710]: YOLO 0 xe
2026-03-10 10:35:32,951 [DEBUG] AIEngine.YOLO [710]: YOLO 0 xe
2026-03-10 10:35:32,966 [DEBUG] AIEngine.Ctx [580]: ctx veh=0 spd=0.0 fps=11.8
2026-03-10 10:35:33,051 [DEBUG] AIEngine.YOLO [710]: YOLO 0 xe
2026-03-10 10:35:33,131 [DEBUG] AIEngine.YOLO [710]: YOLO 0 xe
2026-03-10 10:35:33,205 [DEBUG] AIEngine.YOLO [710]: YOLO 0 xe
2026-03-10 10:35:33,289 [DEBUG] AIEngine.YOLO [710]: YOLO 0 xe
2026-03-10 10:35:33,369 [DEBUG] AIEngine.YOLO [710]: YOLO 0 xe
2026-03-10 10:35:33,451 [DEBUG] AIEngine.YOLO [710]: YOLO 0 xe
2026-03-10 10:35:33,533 [DEBUG] AIEngine.YOLO [710]: YOLO 0 xe
2026-03-10 10:35:33,610 [DEBUG] AIEngine.YOLO [710]: YOLO 0 xe
2026-03-10 10:35:33,689 [DEBUG] AIEngine.YOLO [710]: YOLO 0 xe
2026-03-10 10:35:33,763 [DEBUG] AIEngine.YOLO [710]: YOLO 0 xe
2026-03-10 10:35:33,840 [DEBUG] AIEngine.YOLO [710]: YOLO 0 xe
2026-03-10 10:35:33,926 [DEBUG] AIEngine.YOLO [710]: YOLO 0 xe
2026-03-10 10:35:34,004 [DEBUG] AIEngine.YOLO [710]: YOLO 0 xe
2026-03-10 10:35:34,078 [DEBUG] AIEngine.YOLO [710]: YOLO 0 xe
2026-03-10 10:35:34,153 [DEBUG] AIEngine.YOLO [710]: YOLO 0 xe
2026-03-10 10:35:34,227 [DEBUG] AIEngine.YOLO [710]: YOLO 0 xe
2026-03-10 10:35:34,302 [DEBUG] AIEngine.YOLO [710]: YOLO 0 xe
2026-03-10 10:35:34,376 [DEBUG] AIEngine.YOLO [710]: YOLO 0 xe
2026-03-10 10:35:34,451 [DEBUG] AIEngine.YOLO [710]: YOLO 0 xe
2026-03-10 10:35:34,530 [DEBUG] AIEngine.YOLO [710]: YOLO 0 xe
2026-03-10 10:35:34,605 [DEBUG] AIEngine.YOLO [710]: YOLO 0 xe
2026-03-10 10:35:34,676 [DEBUG] AIEngine.YOLO [710]: YOLO 0 xe
2026-03-10 10:35:34,752 [DEBUG] AIEngine.YOLO [710]: YOLO 0 xe
2026-03-10 10:35:34,828 [DEBUG] AIEngine.YOLO [710]: YOLO 0 xe
2026-03-10 10:35:34,904 [DEBUG] AIEngine.YOLO [710]: YOLO 0 xe
2026-03-10 10:35:34,985 [DEBUG] AIEngine.YOLO [710]: YOLO 0 xe
2026-03-10 10:35:34,997 [DEBUG] AIEngine.Ctx [580]: ctx veh=0 spd=0.0 fps=12.7
2026-03-10 10:35:35,061 [DEBUG] AIEngine.YOLO [710]: YOLO 0 xe
2026-03-10 10:35:35,139 [DEBUG] AIEngine.YOLO [710]: YOLO 0 xe
2026-03-10 10:35:35,211 [DEBUG] AIEngine.YOLO [710]: YOLO 0 xe
2026-03-10 10:35:35,285 [DEBUG] AIEngine.YOLO [710]: YOLO 0 xe
2026-03-10 10:35:35,359 [DEBUG] AIEngine.YOLO [710]: YOLO 0 xe
2026-03-10 10:35:35,435 [DEBUG] AIEngine.YOLO [710]: YOLO 0 xe
2026-03-10 10:35:35,525 [DEBUG] AIEngine.YOLO [710]: YOLO 0 xe
2026-03-10 10:35:35,603 [DEBUG] AIEngine.YOLO [710]: YOLO 0 xe
2026-03-10 10:35:35,680 [DEBUG] AIEngine.YOLO [710]: YOLO 0 xe
2026-03-10 10:35:35,759 [DEBUG] AIEngine.YOLO [710]: YOLO 0 xe
2026-03-10 10:35:35,837 [DEBUG] AIEngine.YOLO [710]: YOLO 0 xe
2026-03-10 10:35:35,912 [DEBUG] AIEngine.YOLO [710]: YOLO 0 xe
2026-03-10 10:35:35,990 [DEBUG] AIEngine.YOLO [710]: YOLO 0 xe
2026-03-10 10:35:36,069 [DEBUG] AIEngine.YOLO [710]: YOLO 0 xe
2026-03-10 10:35:36,154 [DEBUG] AIEngine.YOLO [710]: YOLO 0 xe
2026-03-10 10:35:36,231 [DEBUG] AIEngine.YOLO [710]: YOLO 0 xe
2026-03-10 10:35:36,307 [DEBUG] AIEngine.YOLO [710]: YOLO 0 xe
2026-03-10 10:35:36,382 [DEBUG] AIEngine.YOLO [710]: YOLO 0 xe
2026-03-10 10:35:36,460 [DEBUG] AIEngine.YOLO [710]: YOLO 0 xe
2026-03-10 10:35:36,540 [DEBUG] AIEngine.YOLO [710]: YOLO 0 xe
2026-03-10 10:35:36,617 [DEBUG] AIEngine.YOLO [710]: YOLO 0 xe
2026-03-10 10:35:36,694 [DEBUG] AIEngine.YOLO [710]: YOLO 0 xe
2026-03-10 10:35:36,777 [DEBUG] AIEngine.YOLO [710]: YOLO 0 xe
2026-03-10 10:35:36,856 [DEBUG] AIEngine.YOLO [710]: YOLO 0 xe
2026-03-10 10:35:36,937 [DEBUG] AIEngine.YOLO [710]: YOLO 0 xe
2026-03-10 10:35:37,013 [DEBUG] AIEngine.YOLO [710]: YOLO 0 xe
2026-03-10 10:35:37,025 [DEBUG] AIEngine.Ctx [580]: ctx veh=0 spd=0.0 fps=12.8
2026-03-10 10:35:37,094 [DEBUG] AIEngine.YOLO [710]: YOLO 0 xe
2026-03-10 10:35:37,174 [DEBUG] AIEngine.YOLO [710]: YOLO 0 xe
2026-03-10 10:35:37,250 [DEBUG] AIEngine.YOLO [710]: YOLO 0 xe
2026-03-10 10:35:37,329 [DEBUG] AIEngine.YOLO [710]: YOLO 0 xe
2026-03-10 10:35:37,403 [DEBUG] AIEngine.YOLO [710]: YOLO 0 xe
2026-03-10 10:35:37,480 [DEBUG] AIEngine.YOLO [710]: YOLO 0 xe
2026-03-10 10:35:37,601 [DEBUG] AIEngine.YOLO [710]: YOLO 0 xe
2026-03-10 10:35:37,712 [DEBUG] AIEngine.YOLO [710]: YOLO 0 xe
2026-03-10 10:35:37,835 [DEBUG] AIEngine.YOLO [710]: YOLO 0 xe
2026-03-10 10:35:37,932 [DEBUG] AIEngine.YOLO [710]: YOLO 0 xe
2026-03-10 10:35:38,031 [DEBUG] AIEngine.YOLO [710]: YOLO 0 xe
2026-03-10 10:35:38,106 [DEBUG] AIEngine.YOLO [710]: YOLO 0 xe
2026-03-10 10:35:38,183 [DEBUG] AIEngine.YOLO [710]: YOLO 0 xe
2026-03-10 10:35:38,260 [DEBUG] AIEngine.YOLO [710]: YOLO 0 xe
2026-03-10 10:35:38,336 [DEBUG] AIEngine.YOLO [710]: YOLO 0 xe
2026-03-10 10:35:38,419 [DEBUG] AIEngine.YOLO [710]: YOLO 0 xe
2026-03-10 10:35:38,503 [DEBUG] AIEngine.YOLO [710]: YOLO 0 xe
2026-03-10 10:35:38,579 [DEBUG] AIEngine.YOLO [710]: YOLO 0 xe
2026-03-10 10:35:38,661 [DEBUG] AIEngine.YOLO [710]: YOLO 0 xe
2026-03-10 10:35:38,743 [DEBUG] AIEngine.YOLO [710]: YOLO 0 xe
2026-03-10 10:35:38,823 [DEBUG] AIEngine.YOLO [710]: YOLO 0 xe
2026-03-10 10:35:38,908 [DEBUG] AIEngine.YOLO [710]: YOLO 0 xe
2026-03-10 10:35:38,987 [DEBUG] AIEngine.YOLO [710]: YOLO 0 xe
2026-03-10 10:35:39,065 [DEBUG] AIEngine.YOLO [710]: YOLO 0 xe
2026-03-10 10:35:39,077 [DEBUG] AIEngine.Ctx [580]: ctx veh=0 spd=0.0 fps=11.8
2026-03-10 10:35:39,148 [DEBUG] AIEngine.YOLO [710]: YOLO 0 xe
2026-03-10 10:35:39,231 [DEBUG] AIEngine.YOLO [710]: YOLO 0 xe
2026-03-10 10:35:39,311 [DEBUG] AIEngine.YOLO [710]: YOLO 0 xe
2026-03-10 10:35:39,386 [DEBUG] AIEngine.YOLO [710]: YOLO 0 xe
2026-03-10 10:35:39,466 [DEBUG] AIEngine.YOLO [710]: YOLO 0 xe
2026-03-10 10:35:39,546 [DEBUG] AIEngine.YOLO [710]: YOLO 0 xe
2026-03-10 10:35:39,626 [DEBUG] AIEngine.YOLO [710]: YOLO 0 xe
2026-03-10 10:35:39,708 [DEBUG] AIEngine.YOLO [710]: YOLO 0 xe
2026-03-10 10:35:39,786 [DEBUG] AIEngine.YOLO [710]: YOLO 0 xe
2026-03-10 10:35:39,822 [INFO] AIEngine.Health [642]: 📊 FPS=11.8 veh=0 spd=0.0 viol=0 det=0 err=0 drop=44 mqtt=✅
2026-03-10 10:35:39,872 [DEBUG] AIEngine.YOLO [710]: YOLO 0 xe
2026-03-10 10:35:39,957 [DEBUG] AIEngine.YOLO [710]: YOLO 0 xe
2026-03-10 10:35:40,041 [DEBUG] AIEngine.YOLO [710]: YOLO 0 xe
2026-03-10 10:35:40,123 [DEBUG] AIEngine.YOLO [710]: YOLO 0 xe
2026-03-10 10:35:40,207 [DEBUG] AIEngine.YOLO [710]: YOLO 0 xe
2026-03-10 10:35:40,288 [DEBUG] AIEngine.YOLO [710]: YOLO 0 xe
2026-03-10 10:35:40,368 [DEBUG] AIEngine.YOLO [710]: YOLO 0 xe
2026-03-10 10:35:40,448 [DEBUG] AIEngine.YOLO [710]: YOLO 0 xe
2026-03-10 10:35:40,542 [DEBUG] AIEngine.YOLO [710]: YOLO 0 xe
2026-03-10 10:35:40,627 [DEBUG] AIEngine.YOLO [710]: YOLO 0 xe
2026-03-10 10:35:40,711 [DEBUG] AIEngine.YOLO [710]: YOLO 0 xe
2026-03-10 10:35:40,791 [DEBUG] AIEngine.YOLO [710]: YOLO 0 xe
2026-03-10 10:35:40,873 [DEBUG] AIEngine.YOLO [710]: YOLO 0 xe
2026-03-10 10:35:40,957 [DEBUG] AIEngine.YOLO [710]: YOLO 0 xe
2026-03-10 10:35:41,044 [DEBUG] AIEngine.YOLO [710]: YOLO 0 xe
2026-03-10 10:35:41,124 [DEBUG] AIEngine.YOLO [710]: YOLO 0 xe
2026-03-10 10:35:41,135 [DEBUG] AIEngine.Ctx [580]: ctx veh=0 spd=0.0 fps=12.2
2026-03-10 10:35:41,206 [DEBUG] AIEngine.YOLO [710]: YOLO 0 xe
2026-03-10 10:35:41,295 [DEBUG] AIEngine.YOLO [710]: YOLO 0 xe
2026-03-10 10:35:41,381 [DEBUG] AIEngine.YOLO [710]: YOLO 0 xe
2026-03-10 10:35:41,464 [DEBUG] AIEngine.YOLO [710]: YOLO 0 xe
2026-03-10 10:35:41,551 [DEBUG] AIEngine.YOLO [710]: YOLO 0 xe
2026-03-10 10:35:41,639 [DEBUG] AIEngine.YOLO [710]: YOLO 0 xe
2026-03-10 10:35:41,737 [DEBUG] AIEngine.YOLO [710]: YOLO 0 xe
2026-03-10 10:35:41,819 [DEBUG] AIEngine.YOLO [710]: YOLO 0 xe
2026-03-10 10:35:41,904 [DEBUG] AIEngine.YOLO [710]: YOLO 0 xe
2026-03-10 10:35:41,978 [DEBUG] AIEngine.YOLO [710]: YOLO 0 xe
2026-03-10 10:35:42,054 [DEBUG] AIEngine.YOLO [710]: YOLO 0 xe
2026-03-10 10:35:42,138 [DEBUG] AIEngine.YOLO [710]: YOLO 0 xe
2026-03-10 10:35:42,212 [DEBUG] AIEngine.YOLO [710]: YOLO 0 xe
2026-03-10 10:35:42,286 [DEBUG] AIEngine.YOLO [710]: YOLO 0 xe
2026-03-10 10:35:42,366 [DEBUG] AIEngine.YOLO [710]: YOLO 0 xe
2026-03-10 10:35:42,442 [DEBUG] AIEngine.YOLO [710]: YOLO 0 xe
2026-03-10 10:35:42,522 [DEBUG] AIEngine.YOLO [710]: YOLO 0 xe
2026-03-10 10:35:42,598 [DEBUG] AIEngine.YOLO [710]: YOLO 0 xe
2026-03-10 10:35:42,677 [DEBUG] AIEngine.YOLO [710]: YOLO 0 xe
2026-03-10 10:35:42,759 [DEBUG] AIEngine.YOLO [710]: YOLO 0 xe
2026-03-10 10:35:42,839 [DEBUG] AIEngine.YOLO [710]: YOLO 0 xe
2026-03-10 10:35:42,927 [DEBUG] AIEngine.YOLO [710]: YOLO 0 xe
2026-03-10 10:35:43,021 [DEBUG] AIEngine.YOLO [710]: YOLO 0 xe
2026-03-10 10:35:43,105 [DEBUG] AIEngine.YOLO [710]: YOLO 0 xe
2026-03-10 10:35:43,190 [DEBUG] AIEngine.YOLO [710]: YOLO 0 xe
2026-03-10 10:35:43,202 [DEBUG] AIEngine.Ctx [580]: ctx veh=0 spd=0.0 fps=12.1
2026-03-10 10:35:43,277 [DEBUG] AIEngine.YOLO [710]: YOLO 0 xe
2026-03-10 10:35:43,366 [DEBUG] AIEngine.YOLO [710]: YOLO 0 xe
2026-03-10 10:35:43,448 [DEBUG] AIEngine.YOLO [710]: YOLO 0 xe
2026-03-10 10:35:43,528 [DEBUG] AIEngine.YOLO [710]: YOLO 0 xe
2026-03-10 10:35:43,606 [DEBUG] AIEngine.YOLO [710]: YOLO 0 xe
2026-03-10 10:35:43,684 [DEBUG] AIEngine.YOLO [710]: YOLO 0 xe
2026-03-10 10:35:43,761 [DEBUG] AIEngine.YOLO [710]: YOLO 0 xe
2026-03-10 10:35:43,837 [DEBUG] AIEngine.YOLO [710]: YOLO 0 xe
2026-03-10 10:35:43,915 [DEBUG] AIEngine.YOLO [710]: YOLO 0 xe
2026-03-10 10:35:43,992 [DEBUG] AIEngine.YOLO [710]: YOLO 0 xe
2026-03-10 10:35:44,071 [DEBUG] AIEngine.YOLO [710]: YOLO 0 xe
2026-03-10 10:35:44,151 [DEBUG] AIEngine.YOLO [710]: YOLO 0 xe
2026-03-10 10:35:44,232 [DEBUG] AIEngine.YOLO [710]: YOLO 0 xe
2026-03-10 10:35:44,314 [DEBUG] AIEngine.YOLO [710]: YOLO 0 xe
2026-03-10 10:35:44,393 [DEBUG] AIEngine.YOLO [710]: YOLO 0 xe
2026-03-10 10:35:44,470 [DEBUG] AIEngine.YOLO [710]: YOLO 0 xe
2026-03-10 10:35:44,551 [DEBUG] AIEngine.YOLO [710]: YOLO 0 xe
2026-03-10 10:35:44,632 [DEBUG] AIEngine.YOLO [710]: YOLO 0 xe
2026-03-10 10:35:44,712 [DEBUG] AIEngine.YOLO [710]: YOLO 0 xe
2026-03-10 10:35:44,789 [DEBUG] AIEngine.YOLO [710]: YOLO 0 xe
2026-03-10 10:35:44,867 [DEBUG] AIEngine.YOLO [710]: YOLO 0 xe
2026-03-10 10:35:44,943 [DEBUG] AIEngine.YOLO [710]: YOLO 0 xe
2026-03-10 10:35:45,024 [DEBUG] AIEngine.YOLO [710]: YOLO 0 xe
2026-03-10 10:35:45,100 [DEBUG] AIEngine.YOLO [710]: YOLO 0 xe
2026-03-10 10:35:45,183 [DEBUG] AIEngine.YOLO [710]: YOLO 0 xe
2026-03-10 10:35:45,262 [DEBUG] AIEngine.YOLO [710]: YOLO 0 xe
2026-03-10 10:35:45,273 [DEBUG] AIEngine.Ctx [580]: ctx veh=0 spd=0.0 fps=12.4
2026-03-10 10:35:45,342 [DEBUG] AIEngine.YOLO [710]: YOLO 0 xe
2026-03-10 10:35:45,419 [DEBUG] AIEngine.YOLO [710]: YOLO 0 xe
2026-03-10 10:35:45,515 [DEBUG] AIEngine.YOLO [710]: YOLO 0 xe
2026-03-10 10:35:45,598 [DEBUG] AIEngine.YOLO [710]: YOLO 0 xe
2026-03-10 10:35:45,670 [DEBUG] AIEngine.YOLO [710]: YOLO 0 xe
2026-03-10 10:35:45,746 [DEBUG] AIEngine.YOLO [710]: YOLO 0 xe
2026-03-10 10:35:45,823 [DEBUG] AIEngine.YOLO [710]: YOLO 0 xe
2026-03-10 10:35:45,920 [DEBUG] AIEngine.YOLO [710]: YOLO 0 xe
2026-03-10 10:35:45,998 [DEBUG] AIEngine.YOLO [710]: YOLO 0 xe
2026-03-10 10:35:46,078 [DEBUG] AIEngine.YOLO [710]: YOLO 0 xe
2026-03-10 10:35:46,154 [DEBUG] AIEngine.YOLO [710]: YOLO 0 xe
2026-03-10 10:35:46,234 [DEBUG] AIEngine.YOLO [710]: YOLO 0 xe
2026-03-10 10:35:46,315 [DEBUG] AIEngine.YOLO [710]: YOLO 0 xe
2026-03-10 10:35:46,398 [DEBUG] AIEngine.YOLO [710]: YOLO 0 xe
2026-03-10 10:35:46,476 [DEBUG] AIEngine.YOLO [710]: YOLO 0 xe
2026-03-10 10:35:46,561 [DEBUG] AIEngine.YOLO [710]: YOLO 0 xe
2026-03-10 10:35:46,641 [DEBUG] AIEngine.YOLO [710]: YOLO 0 xe
2026-03-10 10:35:46,723 [DEBUG] AIEngine.YOLO [710]: YOLO 0 xe
2026-03-10 10:35:46,805 [DEBUG] AIEngine.YOLO [710]: YOLO 0 xe
2026-03-10 10:35:46,882 [DEBUG] AIEngine.YOLO [710]: YOLO 0 xe
2026-03-10 10:35:46,961 [DEBUG] AIEngine.YOLO [710]: YOLO 0 xe
2026-03-10 10:35:47,038 [DEBUG] AIEngine.YOLO [710]: YOLO 0 xe
2026-03-10 10:35:47,119 [DEBUG] AIEngine.YOLO [710]: YOLO 0 xe
2026-03-10 10:35:47,198 [DEBUG] AIEngine.YOLO [710]: YOLO 0 xe
2026-03-10 10:35:47,279 [DEBUG] AIEngine.YOLO [710]: YOLO 0 xe
2026-03-10 10:35:47,291 [DEBUG] AIEngine.Ctx [580]: ctx veh=0 spd=0.0 fps=12.4
2026-03-10 10:35:47,361 [DEBUG] AIEngine.YOLO [710]: YOLO 0 xe
2026-03-10 10:35:47,439 [DEBUG] AIEngine.YOLO [710]: YOLO 0 xe
2026-03-10 10:35:47,520 [DEBUG] AIEngine.YOLO [710]: YOLO 0 xe
2026-03-10 10:35:47,600 [DEBUG] AIEngine.YOLO [710]: YOLO 0 xe
2026-03-10 10:35:47,679 [DEBUG] AIEngine.YOLO [710]: YOLO 0 xe
2026-03-10 10:35:47,762 [DEBUG] AIEngine.YOLO [710]: YOLO 0 xe
2026-03-10 10:35:47,841 [DEBUG] AIEngine.YOLO [710]: YOLO 0 xe
2026-03-10 10:35:47,918 [DEBUG] AIEngine.YOLO [710]: YOLO 0 xe
2026-03-10 10:35:48,012 [DEBUG] AIEngine.YOLO [710]: YOLO 0 xe
2026-03-10 10:35:48,093 [DEBUG] AIEngine.YOLO [710]: YOLO 0 xe
2026-03-10 10:35:48,176 [DEBUG] AIEngine.YOLO [710]: YOLO 0 xe
2026-03-10 10:35:48,254 [DEBUG] AIEngine.YOLO [710]: YOLO 0 xe
2026-03-10 10:35:48,330 [DEBUG] AIEngine.YOLO [710]: YOLO 0 xe
2026-03-10 10:35:48,407 [DEBUG] AIEngine.YOLO [710]: YOLO 0 xe
2026-03-10 10:35:48,485 [DEBUG] AIEngine.YOLO [710]: YOLO 0 xe
2026-03-10 10:35:48,568 [DEBUG] AIEngine.YOLO [710]: YOLO 0 xe
2026-03-10 10:35:48,646 [DEBUG] AIEngine.YOLO [710]: YOLO 0 xe
2026-03-10 10:35:48,725 [DEBUG] AIEngine.YOLO [710]: YOLO 0 xe
2026-03-10 10:35:48,802 [DEBUG] AIEngine.YOLO [710]: YOLO 0 xe
2026-03-10 10:35:48,886 [DEBUG] AIEngine.YOLO [710]: YOLO 0 xe
2026-03-10 10:35:48,968 [DEBUG] AIEngine.YOLO [710]: YOLO 0 xe
2026-03-10 10:35:49,046 [DEBUG] AIEngine.YOLO [710]: YOLO 0 xe
2026-03-10 10:35:49,126 [DEBUG] AIEngine.YOLO [710]: YOLO 0 xe
2026-03-10 10:35:49,202 [DEBUG] AIEngine.YOLO [710]: YOLO 0 xe
2026-03-10 10:35:49,293 [DEBUG] AIEngine.YOLO [710]: YOLO 0 xe
2026-03-10 10:35:49,304 [DEBUG] AIEngine.Ctx [580]: ctx veh=0 spd=0.0 fps=12.4
2026-03-10 10:35:49,371 [DEBUG] AIEngine.YOLO [710]: YOLO 0 xe
2026-03-10 10:35:49,444 [DEBUG] AIEngine.YOLO [710]: YOLO 0 xe
2026-03-10 10:35:49,539 [DEBUG] AIEngine.YOLO [710]: YOLO 0 xe
2026-03-10 10:35:49,633 [DEBUG] AIEngine.YOLO [710]: YOLO 0 xe
2026-03-10 10:35:49,718 [DEBUG] AIEngine.YOLO [710]: YOLO 0 xe
2026-03-10 10:35:49,804 [DEBUG] AIEngine.YOLO [710]: YOLO 0 xe
2026-03-10 10:35:49,884 [DEBUG] AIEngine.YOLO [710]: YOLO 0 xe
2026-03-10 10:35:49,969 [DEBUG] AIEngine.YOLO [710]: YOLO 0 xe
2026-03-10 10:35:50,052 [DEBUG] AIEngine.YOLO [710]: YOLO 0 xe
2026-03-10 10:35:50,129 [DEBUG] AIEngine.YOLO [710]: YOLO 0 xe
2026-03-10 10:35:50,214 [DEBUG] AIEngine.YOLO [710]: YOLO 0 xe
2026-03-10 10:35:50,297 [DEBUG] AIEngine.YOLO [710]: YOLO 0 xe
2026-03-10 10:35:50,378 [DEBUG] AIEngine.YOLO [710]: YOLO 0 xe
2026-03-10 10:35:50,472 [DEBUG] AIEngine.YOLO [710]: YOLO 0 xe
2026-03-10 10:35:50,588 [DEBUG] AIEngine.YOLO [710]: YOLO 0 xe
2026-03-10 10:35:50,687 [DEBUG] AIEngine.YOLO [710]: YOLO 0 xe
2026-03-10 10:35:50,763 [DEBUG] AIEngine.YOLO [710]: YOLO 0 xe
2026-03-10 10:35:50,843 [DEBUG] AIEngine.YOLO [710]: YOLO 0 xe
2026-03-10 10:35:50,921 [DEBUG] AIEngine.YOLO [710]: YOLO 0 xe
2026-03-10 10:35:51,003 [DEBUG] AIEngine.YOLO [710]: YOLO 0 xe
2026-03-10 10:35:51,082 [DEBUG] AIEngine.YOLO [710]: YOLO 0 xe
2026-03-10 10:35:51,213 [DEBUG] AIEngine.YOLO [710]: YOLO 0 xe
2026-03-10 10:35:51,322 [DEBUG] AIEngine.YOLO [710]: YOLO 0 xe
2026-03-10 10:35:51,333 [DEBUG] AIEngine.Ctx [580]: ctx veh=0 spd=0.0 fps=11.5
2026-03-10 10:35:51,427 [DEBUG] AIEngine.YOLO [710]: YOLO 0 xe
2026-03-10 10:35:51,637 [DEBUG] AIEngine.YOLO [710]: YOLO 0 xe
2026-03-10 10:35:51,780 [DEBUG] AIEngine.YOLO [710]: YOLO 0 xe
2026-03-10 10:35:51,866 [DEBUG] AIEngine.YOLO [710]: YOLO 0 xe
2026-03-10 10:35:51,949 [DEBUG] AIEngine.YOLO [710]: YOLO 0 xe
2026-03-10 10:35:52,066 [DEBUG] AIEngine.YOLO [710]: YOLO 0 xe
2026-03-10 10:35:52,163 [DEBUG] AIEngine.YOLO [710]: YOLO 0 xe
2026-03-10 10:35:52,257 [DEBUG] AIEngine.YOLO [710]: YOLO 0 xe
2026-03-10 10:35:52,356 [DEBUG] AIEngine.YOLO [710]: YOLO 0 xe
2026-03-10 10:35:52,445 [DEBUG] AIEngine.YOLO [710]: YOLO 0 xe
2026-03-10 10:35:52,536 [DEBUG] AIEngine.YOLO [710]: YOLO 0 xe
2026-03-10 10:35:52,615 [DEBUG] AIEngine.YOLO [710]: YOLO 0 xe
2026-03-10 10:35:52,694 [DEBUG] AIEngine.YOLO [710]: YOLO 0 xe
2026-03-10 10:35:52,774 [DEBUG] AIEngine.YOLO [710]: YOLO 0 xe
2026-03-10 10:35:52,855 [DEBUG] AIEngine.YOLO [710]: YOLO 0 xe
2026-03-10 10:35:52,939 [DEBUG] AIEngine.YOLO [710]: YOLO 0 xe
2026-03-10 10:35:53,018 [DEBUG] AIEngine.YOLO [710]: YOLO 0 xe
2026-03-10 10:35:53,097 [DEBUG] AIEngine.YOLO [710]: YOLO 0 xe
2026-03-10 10:35:53,178 [DEBUG] AIEngine.YOLO [710]: YOLO 0 xe
2026-03-10 10:35:53,253 [DEBUG] AIEngine.YOLO [710]: YOLO 0 xe
2026-03-10 10:35:53,330 [DEBUG] AIEngine.YOLO [710]: YOLO 0 xe
2026-03-10 10:35:53,341 [DEBUG] AIEngine.Ctx [580]: ctx veh=0 spd=0.0 fps=10.6
2026-03-10 10:35:53,411 [DEBUG] AIEngine.YOLO [710]: YOLO 0 xe
2026-03-10 10:35:53,490 [DEBUG] AIEngine.YOLO [710]: YOLO 0 xe
2026-03-10 10:35:53,572 [DEBUG] AIEngine.YOLO [710]: YOLO 0 xe
2026-03-10 10:35:53,651 [DEBUG] AIEngine.YOLO [710]: YOLO 0 xe
2026-03-10 10:35:53,729 [DEBUG] AIEngine.YOLO [710]: YOLO 0 xe
2026-03-10 10:35:53,810 [DEBUG] AIEngine.YOLO [710]: YOLO 0 xe
2026-03-10 10:35:53,894 [DEBUG] AIEngine.YOLO [710]: YOLO 0 xe
2026-03-10 10:35:53,972 [DEBUG] AIEngine.YOLO [710]: YOLO 0 xe
2026-03-10 10:35:54,058 [DEBUG] AIEngine.YOLO [710]: YOLO 0 xe
2026-03-10 10:35:54,141 [DEBUG] AIEngine.YOLO [710]: YOLO 0 xe
2026-03-10 10:35:54,251 [DEBUG] AIEngine.YOLO [710]: YOLO 0 xe
2026-03-10 10:35:54,353 [DEBUG] AIEngine.YOLO [710]: YOLO 0 xe
2026-03-10 10:35:54,438 [DEBUG] AIEngine.YOLO [710]: YOLO 0 xe
2026-03-10 10:35:54,517 [DEBUG] AIEngine.YOLO [710]: YOLO 0 xe
2026-03-10 10:35:54,591 [DEBUG] AIEngine.YOLO [710]: YOLO 0 xe
2026-03-10 10:35:54,665 [DEBUG] AIEngine.YOLO [710]: YOLO 0 xe
2026-03-10 10:35:54,746 [DEBUG] AIEngine.YOLO [710]: YOLO 0 xe
2026-03-10 10:35:54,824 [DEBUG] AIEngine.YOLO [710]: YOLO 0 xe
2026-03-10 10:35:54,911 [DEBUG] AIEngine.YOLO [710]: YOLO 0 xe
2026-03-10 10:35:55,002 [DEBUG] AIEngine.YOLO [710]: YOLO 0 xe
2026-03-10 10:35:55,077 [DEBUG] AIEngine.YOLO [710]: YOLO 0 xe
2026-03-10 10:35:55,156 [DEBUG] AIEngine.YOLO [710]: YOLO 0 xe
2026-03-10 10:35:55,232 [DEBUG] AIEngine.YOLO [710]: YOLO 0 xe
2026-03-10 10:35:55,301 [DEBUG] AIEngine.YOLO [710]: YOLO 0 xe
2026-03-10 10:35:55,364 [DEBUG] AIEngine.YOLO [710]: YOLO 0 xe
2026-03-10 10:35:55,373 [DEBUG] AIEngine.Ctx [580]: ctx veh=0 spd=0.0 fps=12.4
2026-03-10 10:35:55,451 [DEBUG] AIEngine.YOLO [710]: YOLO 0 xe
2026-03-10 10:35:55,508 [DEBUG] AIEngine.YOLO [710]: YOLO 0 xe
2026-03-10 10:35:55,574 [DEBUG] AIEngine.YOLO [710]: YOLO 0 xe
2026-03-10 10:35:55,637 [DEBUG] AIEngine.YOLO [710]: YOLO 0 xe
2026-03-10 10:35:55,703 [DEBUG] AIEngine.YOLO [710]: YOLO 0 xe
2026-03-10 10:35:55,773 [DEBUG] AIEngine.YOLO [710]: YOLO 0 xe
2026-03-10 10:35:55,841 [DEBUG] AIEngine.YOLO [710]: YOLO 0 xe
2026-03-10 10:35:55,904 [DEBUG] AIEngine.YOLO [710]: YOLO 0 xe
2026-03-10 10:35:55,968 [DEBUG] AIEngine.YOLO [710]: YOLO 0 xe
2026-03-10 10:35:56,030 [DEBUG] AIEngine.YOLO [710]: YOLO 0 xe
2026-03-10 10:35:56,090 [DEBUG] AIEngine.YOLO [710]: YOLO 0 xe
2026-03-10 10:35:56,152 [DEBUG] AIEngine.YOLO [710]: YOLO 0 xe
2026-03-10 10:35:56,215 [DEBUG] AIEngine.YOLO [710]: YOLO 0 xe
2026-03-10 10:35:56,306 [DEBUG] AIEngine.YOLO [710]: YOLO 0 xe
2026-03-10 10:35:56,459 [DEBUG] AIEngine.YOLO [710]: YOLO 0 xe
2026-03-10 10:35:56,610 [DEBUG] AIEngine.YOLO [710]: YOLO 0 xe
2026-03-10 10:35:56,826 [DEBUG] AIEngine.YOLO [710]: YOLO 0 xe
2026-03-10 10:35:56,922 [DEBUG] AIEngine.YOLO [710]: YOLO 0 xe
2026-03-10 10:35:57,011 [DEBUG] AIEngine.YOLO [710]: YOLO 0 xe
2026-03-10 10:35:57,094 [DEBUG] AIEngine.YOLO [710]: YOLO 0 xe
2026-03-10 10:35:57,192 [DEBUG] AIEngine.YOLO [710]: YOLO 0 xe
2026-03-10 10:35:57,289 [DEBUG] AIEngine.YOLO [710]: YOLO 0 xe
2026-03-10 10:35:57,399 [DEBUG] AIEngine.YOLO [710]: YOLO 0 xe
2026-03-10 10:35:57,412 [DEBUG] AIEngine.Ctx [580]: ctx veh=0 spd=0.0 fps=11.7
2026-03-10 10:35:57,489 [DEBUG] AIEngine.YOLO [710]: YOLO 0 xe
2026-03-10 10:35:57,583 [DEBUG] AIEngine.YOLO [710]: YOLO 0 xe
2026-03-10 10:35:57,690 [DEBUG] AIEngine.YOLO [710]: YOLO 0 xe
2026-03-10 10:35:57,816 [DEBUG] AIEngine.YOLO [710]: YOLO 0 xe
2026-03-10 10:35:57,974 [DEBUG] AIEngine.YOLO [710]: YOLO 0 xe
2026-03-10 10:35:58,100 [DEBUG] AIEngine.YOLO [710]: YOLO 0 xe
2026-03-10 10:35:58,210 [DEBUG] AIEngine.YOLO [710]: YOLO 0 xe
2026-03-10 10:35:58,344 [DEBUG] AIEngine.YOLO [710]: YOLO 0 xe
2026-03-10 10:35:58,585 [DEBUG] AIEngine.YOLO [710]: YOLO 0 xe
2026-03-10 10:35:58,720 [DEBUG] AIEngine.YOLO [710]: YOLO 0 xe
2026-03-10 10:35:58,847 [DEBUG] AIEngine.YOLO [710]: YOLO 0 xe
2026-03-10 10:35:58,951 [DEBUG] AIEngine.YOLO [710]: YOLO 0 xe
2026-03-10 10:35:59,064 [DEBUG] AIEngine.YOLO [710]: YOLO 0 xe
2026-03-10 10:35:59,168 [DEBUG] AIEngine.YOLO [710]: YOLO 0 xe
2026-03-10 10:35:59,281 [DEBUG] AIEngine.YOLO [710]: YOLO 0 xe
