1773123702: mosquitto version 2.1.2 starting
1773123702: Config loaded from mosquitto.conf.
1773123702: Bridge support available.
1773123702: Persistence support available.
1773123702: TLS support available.
1773123702: TLS-PSK support available.
1773123702: Websockets support available.
1773123702: Opening ipv6 listen socket on port 1883.
1773123702: Opening ipv4 listen socket on port 1883.
1773123702: mosquitto version 2.1.2 running
1773123705: New connection from 127.0.0.1:54884 on port 1883.
1773123705: Client 127.0.0.1 [127.0.0.1:54884] disconnected: connection closed by client.
1773123712: New connection from ::1:54891 on port 1883.
1773123712: New client connected from ::1:54891 as TrafficAI-1773123712 (p4, c1, k60).
1773123712: No will message specified.
1773123712: Sending CONNACK to TrafficAI-1773123712 (0, 0)
1773123712: Received SUBSCRIBE from TrafficAI-1773123712
1773123712: 	traffic/esp32/status (QoS 1)
1773123712: TrafficAI-1773123712 1 traffic/esp32/status
1773123712: 	traffic/esp32/frame (QoS 0)
1773123712: TrafficAI-1773123712 0 traffic/esp32/frame
1773123712: 	traffic/ai/violation (QoS 1)
1773123712: TrafficAI-1773123712 1 traffic/ai/violation
1773123712: 	traffic/ai/context (QoS 1)
1773123712: TrafficAI-1773123712 1 traffic/ai/context
1773123712: 	traffic/light/state (QoS 1)
1773123712: TrafficAI-1773123712 1 traffic/light/state
1773123712: Sending SUBACK to TrafficAI-1773123712
1773123718: New connection from ::1:54023 on port 1883.
1773123718: Client ::1 [::1:54023] disconnected: connection closed by client.
1773123722: New connection from ::1:54024 on port 1883.
1773123722: New client connected from ::1:54024 as VirtualCluster-125495 (p4, c1, k60).
1773123722: No will message specified.
1773123722: Sending CONNACK to VirtualCluster-125495 (0, 0)
1773123722: Received SUBSCRIBE from VirtualCluster-125495
1773123722: 	traffic/light/state (QoS 1)
1773123722: VirtualCluster-125495 1 traffic/light/state
1773123722: 	traffic/cmd/light (QoS 1)
1773123722: VirtualCluster-125495 1 traffic/cmd/light
1773123722: 	traffic/cmd/emergency (QoS 1)
1773123722: VirtualCluster-125495 1 traffic/cmd/emergency
1773123722: Sending SUBACK to VirtualCluster-125495
1773123725: Received PUBLISH from VirtualCluster-125495 (d0, q0, r0, m0, 'traffic/esp32/frame', ... (17646 bytes))
1773123725: Sending PUBLISH to TrafficAI-1773123712 (d0, q0, r0, m0, 'traffic/esp32/frame', ... (17646 bytes))
1773123725: Received PUBLISH from VirtualCluster-125495 (d0, q1, r0, m3, 'traffic/esp32/status', ... (100 bytes))
1773123725: Sending PUBLISH to TrafficAI-1773123712 (d0, q1, r0, m1, 'traffic/esp32/status', ... (100 bytes))
1773123725: Sending PUBACK to VirtualCluster-125495 (m3, rc0)
1773123725: Received PUBLISH from VirtualCluster-125495 (d0, q1, r0, m4, 'traffic/ai/context', ... (172 bytes))
1773123725: Sending PUBLISH to TrafficAI-1773123712 (d0, q1, r0, m2, 'traffic/ai/context', ... (172 bytes))
1773123725: Sending PUBACK to VirtualCluster-125495 (m4, rc0)
1773123725: Received PUBACK from TrafficAI-1773123712 (Mid: 1, RC:0)
1773123725: Received PUBACK from TrafficAI-1773123712 (Mid: 2, RC:0)
1773123725: Received PUBLISH from VirtualCluster-125495 (d0, q0, r0, m0, 'traffic/esp32/frame', ... (17696 bytes))
1773123725: Sending PUBLISH to TrafficAI-1773123712 (d0, q0, r0, m0, 'traffic/esp32/frame', ... (17696 bytes))
1773123725: Received PUBLISH from VirtualCluster-125495 (d0, q1, r0, m6, 'traffic/ai/violation', ... (57153 bytes))
1773123725: Sending PUBLISH to TrafficAI-1773123712 (d0, q1, r0, m3, 'traffic/ai/violation', ... (57153 bytes))
1773123725: Sending PUBACK to VirtualCluster-125495 (m6, rc0)
1773123725: Received PUBACK from TrafficAI-1773123712 (Mid: 3, RC:0)
1773123725: Received PUBLISH from VirtualCluster-125495 (d0, q0, r0, m0, 'traffic/esp32/frame', ... (17686 bytes))
1773123725: Sending PUBLISH to TrafficAI-1773123712 (d0, q0, r0, m0, 'traffic/esp32/frame', ... (17686 bytes))
1773123725: Received PUBLISH from VirtualCluster-125495 (d0, q0, r0, m0, 'traffic/esp32/frame', ... (17687 bytes))
1773123725: Sending PUBLISH to TrafficAI-1773123712 (d0, q0, r0, m0, 'traffic/esp32/frame', ... (17687 bytes))
1773123725: Received PUBLISH from VirtualCluster-125495 (d0, q0, r0, m0, 'traffic/esp32/frame', ... (17665 bytes))
1773123725: Sending PUBLISH to TrafficAI-1773123712 (d0, q0, r0, m0, 'traffic/esp32/frame', ... (17665 bytes))
1773123725: Received PUBLISH from VirtualCluster-125495 (d0, q0, r0, m0, 'traffic/esp32/frame', ... (17670 bytes))
1773123725: Sending PUBLISH to TrafficAI-1773123712 (d0, q0, r0, m0, 'traffic/esp32/frame', ... (17670 bytes))
1773123725: Received PUBLISH from VirtualCluster-125495 (d0, q0, r0, m0, 'traffic/esp32/frame', ... (16716 bytes))
1773123725: Sending PUBLISH to TrafficAI-1773123712 (d0, q0, r0, m0, 'traffic/esp32/frame', ... (16716 bytes))
1773123725: Received PUBLISH from VirtualCluster-125495 (d0, q1, r0, m12, 'traffic/esp32/status', ... (100 bytes))
1773123725: Sending PUBLISH to TrafficAI-1773123712 (d0, q1, r0, m4, 'traffic/esp32/status', ... (100 bytes))
1773123725: Sending PUBACK to VirtualCluster-125495 (m12, rc0)
1773123725: Received PUBACK from TrafficAI-1773123712 (Mid: 4, RC:0)
1773123725: Received PUBLISH from VirtualCluster-125495 (d0, q0, r0, m0, 'traffic/esp32/frame', ... (17684 bytes))
1773123725: Sending PUBLISH to TrafficAI-1773123712 (d0, q0, r0, m0, 'traffic/esp32/frame', ... (17684 bytes))
1773123725: Received PUBLISH from VirtualCluster-125495 (d0, q0, r0, m0, 'traffic/esp32/frame', ... (16727 bytes))
1773123725: Sending PUBLISH to TrafficAI-1773123712 (d0, q0, r0, m0, 'traffic/esp32/frame', ... (16727 bytes))
1773123725: Received PUBLISH from VirtualCluster-125495 (d0, q0, r0, m0, 'traffic/esp32/frame', ... (17676 bytes))
1773123725: Sending PUBLISH to TrafficAI-1773123712 (d0, q0, r0, m0, 'traffic/esp32/frame', ... (17676 bytes))
1773123725: Received PUBLISH from VirtualCluster-125495 (d0, q0, r0, m0, 'traffic/esp32/frame', ... (16721 bytes))
1773123725: Sending PUBLISH to TrafficAI-1773123712 (d0, q0, r0, m0, 'traffic/esp32/frame', ... (16721 bytes))
1773123725: Received PUBLISH from VirtualCluster-125495 (d0, q0, r0, m0, 'traffic/esp32/frame', ... (17655 bytes))
1773123725: Sending PUBLISH to TrafficAI-1773123712 (d0, q0, r0, m0, 'traffic/esp32/frame', ... (17655 bytes))
1773123725: Received PUBLISH from VirtualCluster-125495 (d0, q0, r0, m0, 'traffic/esp32/frame', ... (16723 bytes))
1773123725: Sending PUBLISH to TrafficAI-1773123712 (d0, q0, r0, m0, 'traffic/esp32/frame', ... (16723 bytes))
1773123725: Received PUBLISH from VirtualCluster-125495 (d0, q0, r0, m0, 'traffic/esp32/frame', ... (17692 bytes))
1773123725: Sending PUBLISH to TrafficAI-1773123712 (d0, q0, r0, m0, 'traffic/esp32/frame', ... (17692 bytes))
1773123725: Received PUBLISH from VirtualCluster-125495 (d0, q0, r0, m0, 'traffic/esp32/frame', ... (16713 bytes))
1773123725: Sending PUBLISH to TrafficAI-1773123712 (d0, q0, r0, m0, 'traffic/esp32/frame', ... (16713 bytes))
1773123725: Received PUBLISH from VirtualCluster-125495 (d0, q0, r0, m0, 'traffic/esp32/frame', ... (17676 bytes))
1773123725: Sending PUBLISH to TrafficAI-1773123712 (d0, q0, r0, m0, 'traffic/esp32/frame', ... (17676 bytes))
1773123725: Received PUBLISH from VirtualCluster-125495 (d0, q0, r0, m0, 'traffic/esp32/frame', ... (16722 bytes))
1773123725: Sending PUBLISH to TrafficAI-1773123712 (d0, q0, r0, m0, 'traffic/esp32/frame', ... (16722 bytes))
1773123725: Received PUBLISH from VirtualCluster-125495 (d0, q0, r0, m0, 'traffic/esp32/frame', ... (17626 bytes))
1773123725: Sending PUBLISH to TrafficAI-1773123712 (d0, q0, r0, m0, 'traffic/esp32/frame', ... (17626 bytes))
1773123725: Received PUBLISH from VirtualCluster-125495 (d0, q1, r0, m24, 'traffic/esp32/status', ... (100 bytes))
1773123725: Sending PUBLISH to TrafficAI-1773123712 (d0, q1, r0, m5, 'traffic/esp32/status', ... (100 bytes))
1773123725: Sending PUBACK to VirtualCluster-125495 (m24, rc0)
1773123725: Received PUBACK from TrafficAI-1773123712 (Mid: 5, RC:0)
1773123725: Received PUBLISH from VirtualCluster-125495 (d0, q0, r0, m0, 'traffic/esp32/frame', ... (17679 bytes))
1773123725: Sending PUBLISH to TrafficAI-1773123712 (d0, q0, r0, m0, 'traffic/esp32/frame', ... (17679 bytes))
1773123725: Received PUBLISH from VirtualCluster-125495 (d0, q0, r0, m0, 'traffic/esp32/frame', ... (16731 bytes))
1773123725: Sending PUBLISH to TrafficAI-1773123712 (d0, q0, r0, m0, 'traffic/esp32/frame', ... (16731 bytes))
1773123725: Received PUBLISH from VirtualCluster-125495 (d0, q0, r0, m0, 'traffic/esp32/frame', ... (17630 bytes))
1773123725: Sending PUBLISH to TrafficAI-1773123712 (d0, q0, r0, m0, 'traffic/esp32/frame', ... (17630 bytes))
1773123725: Received PUBLISH from VirtualCluster-125495 (d0, q0, r0, m0, 'traffic/esp32/frame', ... (17660 bytes))
1773123725: Sending PUBLISH to TrafficAI-1773123712 (d0, q0, r0, m0, 'traffic/esp32/frame', ... (17660 bytes))
1773123725: Received PUBLISH from VirtualCluster-125495 (d0, q0, r0, m0, 'traffic/esp32/frame', ... (16746 bytes))
1773123725: Sending PUBLISH to TrafficAI-1773123712 (d0, q0, r0, m0, 'traffic/esp32/frame', ... (16746 bytes))
1773123725: Received PUBLISH from VirtualCluster-125495 (d0, q0, r0, m0, 'traffic/esp32/frame', ... (17602 bytes))
1773123725: Sending PUBLISH to TrafficAI-1773123712 (d0, q0, r0, m0, 'traffic/esp32/frame', ... (17602 bytes))
1773123725: Received PUBLISH from VirtualCluster-125495 (d0, q0, r0, m0, 'traffic/esp32/frame', ... (17681 bytes))
1773123725: Sending PUBLISH to TrafficAI-1773123712 (d0, q0, r0, m0, 'traffic/esp32/frame', ... (17681 bytes))
1773123725: Received PUBLISH from VirtualCluster-125495 (d0, q0, r0, m0, 'traffic/esp32/frame', ... (16699 bytes))
1773123725: Sending PUBLISH to TrafficAI-1773123712 (d0, q0, r0, m0, 'traffic/esp32/frame', ... (16699 bytes))
1773123725: Received PUBLISH from VirtualCluster-125495 (d0, q0, r0, m0, 'traffic/esp32/frame', ... (17617 bytes))
1773123725: Sending PUBLISH to TrafficAI-1773123712 (d0, q0, r0, m0, 'traffic/esp32/frame', ... (17617 bytes))
1773123725: Received PUBLISH from VirtualCluster-125495 (d0, q0, r0, m0, 'traffic/esp32/frame', ... (17678 bytes))
1773123725: Sending PUBLISH to TrafficAI-1773123712 (d0, q0, r0, m0, 'traffic/esp32/frame', ... (17678 bytes))
1773123726: Received PUBLISH from VirtualCluster-125495 (d0, q0, r0, m0, 'traffic/esp32/frame', ... (16736 bytes))
1773123726: Sending PUBLISH to TrafficAI-1773123712 (d0, q0, r0, m0, 'traffic/esp32/frame', ... (16736 bytes))
1773123726: Received PUBLISH from VirtualCluster-125495 (d0, q0, r0, m0, 'traffic/esp32/frame', ... (17615 bytes))
1773123726: Sending PUBLISH to TrafficAI-1773123712 (d0, q0, r0, m0, 'traffic/esp32/frame', ... (17615 bytes))
1773123726: Received PUBLISH from VirtualCluster-125495 (d0, q0, r0, m0, 'traffic/esp32/frame', ... (17683 bytes))
1773123726: Sending PUBLISH to TrafficAI-1773123712 (d0, q0, r0, m0, 'traffic/esp32/frame', ... (17683 bytes))
1773123726: Received PUBLISH from VirtualCluster-125495 (d0, q0, r0, m0, 'traffic/esp32/frame', ... (16716 bytes))
1773123726: Sending PUBLISH to TrafficAI-1773123712 (d0, q0, r0, m0, 'traffic/esp32/frame', ... (16716 bytes))
1773123726: Received PUBLISH from VirtualCluster-125495 (d0, q0, r0, m0, 'traffic/esp32/frame', ... (17611 bytes))
1773123726: Sending PUBLISH to TrafficAI-1773123712 (d0, q0, r0, m0, 'traffic/esp32/frame', ... (17611 bytes))
1773123726: Received PUBLISH from VirtualCluster-125495 (d0, q1, r0, m40, 'traffic/esp32/status', ... (98 bytes))
1773123726: Sending PUBLISH to TrafficAI-1773123712 (d0, q1, r0, m6, 'traffic/esp32/status', ... (98 bytes))
1773123726: Sending PUBACK to VirtualCluster-125495 (m40, rc0)
1773123726: Received PUBACK from TrafficAI-1773123712 (Mid: 6, RC:0)
1773123726: Received PUBLISH from VirtualCluster-125495 (d0, q0, r0, m0, 'traffic/esp32/frame', ... (17658 bytes))
1773123726: Sending PUBLISH to TrafficAI-1773123712 (d0, q0, r0, m0, 'traffic/esp32/frame', ... (17658 bytes))
1773123726: Received PUBLISH from VirtualCluster-125495 (d0, q0, r0, m0, 'traffic/esp32/frame', ... (16710 bytes))
1773123726: Sending PUBLISH to TrafficAI-1773123712 (d0, q0, r0, m0, 'traffic/esp32/frame', ... (16710 bytes))
1773123726: Received PUBLISH from VirtualCluster-125495 (d0, q0, r0, m0, 'traffic/esp32/frame', ... (17610 bytes))
1773123726: Sending PUBLISH to TrafficAI-1773123712 (d0, q0, r0, m0, 'traffic/esp32/frame', ... (17610 bytes))
1773123726: Received PUBLISH from VirtualCluster-125495 (d0, q0, r0, m0, 'traffic/esp32/frame', ... (17700 bytes))
1773123726: Sending PUBLISH to TrafficAI-1773123712 (d0, q0, r0, m0, 'traffic/esp32/frame', ... (17700 bytes))
1773123726: Received PUBLISH from VirtualCluster-125495 (d0, q0, r0, m0, 'traffic/esp32/frame', ... (16718 bytes))
1773123726: Sending PUBLISH to TrafficAI-1773123712 (d0, q0, r0, m0, 'traffic/esp32/frame', ... (16718 bytes))
1773123726: Received PUBLISH from VirtualCluster-125495 (d0, q0, r0, m0, 'traffic/esp32/frame', ... (17611 bytes))
1773123726: Sending PUBLISH to TrafficAI-1773123712 (d0, q0, r0, m0, 'traffic/esp32/frame', ... (17611 bytes))
1773123726: Received PUBLISH from VirtualCluster-125495 (d0, q0, r0, m0, 'traffic/esp32/frame', ... (17685 bytes))
1773123726: Sending PUBLISH to TrafficAI-1773123712 (d0, q0, r0, m0, 'traffic/esp32/frame', ... (17685 bytes))
1773123726: Received PUBLISH from VirtualCluster-125495 (d0, q0, r0, m0, 'traffic/esp32/frame', ... (16710 bytes))
1773123726: Sending PUBLISH to TrafficAI-1773123712 (d0, q0, r0, m0, 'traffic/esp32/frame', ... (16710 bytes))
1773123726: Received PUBLISH from VirtualCluster-125495 (d0, q0, r0, m0, 'traffic/esp32/frame', ... (17611 bytes))
1773123726: Sending PUBLISH to TrafficAI-1773123712 (d0, q0, r0, m0, 'traffic/esp32/frame', ... (17611 bytes))
1773123726: Received PUBLISH from VirtualCluster-125495 (d0, q0, r0, m0, 'traffic/esp32/frame', ... (17687 bytes))
1773123726: Sending PUBLISH to TrafficAI-1773123712 (d0, q0, r0, m0, 'traffic/esp32/frame', ... (17687 bytes))
1773123726: Received PUBLISH from VirtualCluster-125495 (d0, q0, r0, m0, 'traffic/esp32/frame', ... (16731 bytes))
1773123726: Sending PUBLISH to TrafficAI-1773123712 (d0, q0, r0, m0, 'traffic/esp32/frame', ... (16731 bytes))
1773123726: Received PUBLISH from VirtualCluster-125495 (d0, q0, r0, m0, 'traffic/esp32/frame', ... (17623 bytes))
1773123726: Sending PUBLISH to TrafficAI-1773123712 (d0, q0, r0, m0, 'traffic/esp32/frame', ... (17623 bytes))
1773123726: Received PUBLISH from VirtualCluster-125495 (d0, q0, r0, m0, 'traffic/esp32/frame', ... (17668 bytes))
1773123726: Sending PUBLISH to TrafficAI-1773123712 (d0, q0, r0, m0, 'traffic/esp32/frame', ... (17668 bytes))
1773123726: Received PUBLISH from VirtualCluster-125495 (d0, q0, r0, m0, 'traffic/esp32/frame', ... (16733 bytes))
1773123726: Sending PUBLISH to TrafficAI-1773123712 (d0, q0, r0, m0, 'traffic/esp32/frame', ... (16733 bytes))
1773123726: Received PUBLISH from VirtualCluster-125495 (d0, q0, r0, m0, 'traffic/esp32/frame', ... (17605 bytes))
1773123726: Sending PUBLISH to TrafficAI-1773123712 (d0, q0, r0, m0, 'traffic/esp32/frame', ... (17605 bytes))
1773123726: Received PUBLISH from VirtualCluster-125495 (d0, q1, r0, m56, 'traffic/esp32/status', ... (97 bytes))
1773123726: Sending PUBLISH to TrafficAI-1773123712 (d0, q1, r0, m7, 'traffic/esp32/status', ... (97 bytes))
1773123726: Sending PUBACK to VirtualCluster-125495 (m56, rc0)
1773123726: Received PUBACK from TrafficAI-1773123712 (Mid: 7, RC:0)
1773123726: Received PUBLISH from VirtualCluster-125495 (d0, q0, r0, m0, 'traffic/esp32/frame', ... (17670 bytes))
1773123726: Sending PUBLISH to TrafficAI-1773123712 (d0, q0, r0, m0, 'traffic/esp32/frame', ... (17670 bytes))
1773123726: Received PUBLISH from VirtualCluster-125495 (d0, q0, r0, m0, 'traffic/esp32/frame', ... (16688 bytes))
1773123726: Sending PUBLISH to TrafficAI-1773123712 (d0, q0, r0, m0, 'traffic/esp32/frame', ... (16688 bytes))
1773123726: Received PUBLISH from VirtualCluster-125495 (d0, q0, r0, m0, 'traffic/esp32/frame', ... (17603 bytes))
1773123726: Sending PUBLISH to TrafficAI-1773123712 (d0, q0, r0, m0, 'traffic/esp32/frame', ... (17603 bytes))
1773123726: Received PUBLISH from VirtualCluster-125495 (d0, q0, r0, m0, 'traffic/esp32/frame', ... (17677 bytes))
1773123726: Sending PUBLISH to TrafficAI-1773123712 (d0, q0, r0, m0, 'traffic/esp32/frame', ... (17677 bytes))
1773123726: Received PUBLISH from VirtualCluster-125495 (d0, q0, r0, m0, 'traffic/esp32/frame', ... (16692 bytes))
1773123726: Sending PUBLISH to TrafficAI-1773123712 (d0, q0, r0, m0, 'traffic/esp32/frame', ... (16692 bytes))
1773123726: Received PUBLISH from VirtualCluster-125495 (d0, q0, r0, m0, 'traffic/esp32/frame', ... (17611 bytes))
1773123726: Sending PUBLISH to TrafficAI-1773123712 (d0, q0, r0, m0, 'traffic/esp32/frame', ... (17611 bytes))
1773123726: Received PUBLISH from VirtualCluster-125495 (d0, q0, r0, m0, 'traffic/esp32/frame', ... (17679 bytes))
1773123726: Sending PUBLISH to TrafficAI-1773123712 (d0, q0, r0, m0, 'traffic/esp32/frame', ... (17679 bytes))
1773123726: Received PUBLISH from VirtualCluster-125495 (d0, q0, r0, m0, 'traffic/esp32/frame', ... (16703 bytes))
1773123726: Sending PUBLISH to TrafficAI-1773123712 (d0, q0, r0, m0, 'traffic/esp32/frame', ... (16703 bytes))
1773123726: Received PUBLISH from VirtualCluster-125495 (d0, q0, r0, m0, 'traffic/esp32/frame', ... (17615 bytes))
1773123726: Sending PUBLISH to TrafficAI-1773123712 (d0, q0, r0, m0, 'traffic/esp32/frame', ... (17615 bytes))
1773123726: Received PUBLISH from VirtualCluster-125495 (d0, q0, r0, m0, 'traffic/esp32/frame', ... (17646 bytes))
1773123726: Sending PUBLISH to TrafficAI-1773123712 (d0, q0, r0, m0, 'traffic/esp32/frame', ... (17646 bytes))
1773123726: Received PUBLISH from VirtualCluster-125495 (d0, q0, r0, m0, 'traffic/esp32/frame', ... (16722 bytes))
1773123726: Sending PUBLISH to TrafficAI-1773123712 (d0, q0, r0, m0, 'traffic/esp32/frame', ... (16722 bytes))
1773123726: Received PUBLISH from VirtualCluster-125495 (d0, q0, r0, m0, 'traffic/esp32/frame', ... (17599 bytes))
1773123726: Sending PUBLISH to TrafficAI-1773123712 (d0, q0, r0, m0, 'traffic/esp32/frame', ... (17599 bytes))
1773123726: Received PUBLISH from VirtualCluster-125495 (d0, q0, r0, m0, 'traffic/esp32/frame', ... (17692 bytes))
1773123726: Sending PUBLISH to TrafficAI-1773123712 (d0, q0, r0, m0, 'traffic/esp32/frame', ... (17692 bytes))
1773123726: Received PUBLISH from VirtualCluster-125495 (d0, q0, r0, m0, 'traffic/esp32/frame', ... (16683 bytes))
1773123726: Sending PUBLISH to TrafficAI-1773123712 (d0, q0, r0, m0, 'traffic/esp32/frame', ... (16683 bytes))
1773123726: Received PUBLISH from VirtualCluster-125495 (d0, q0, r0, m0, 'traffic/esp32/frame', ... (17606 bytes))
1773123726: Sending PUBLISH to TrafficAI-1773123712 (d0, q0, r0, m0, 'traffic/esp32/frame', ... (17606 bytes))
1773123726: Received PUBLISH from VirtualCluster-125495 (d0, q0, r0, m0, 'traffic/esp32/frame', ... (17691 bytes))
1773123726: Sending PUBLISH to TrafficAI-1773123712 (d0, q0, r0, m0, 'traffic/esp32/frame', ... (17691 bytes))
1773123726: Received PUBLISH from VirtualCluster-125495 (d0, q0, r0, m0, 'traffic/esp32/frame', ... (16703 bytes))
1773123726: Sending PUBLISH to TrafficAI-1773123712 (d0, q0, r0, m0, 'traffic/esp32/frame', ... (16703 bytes))
1773123726: Received PUBLISH from VirtualCluster-125495 (d0, q0, r0, m0, 'traffic/esp32/frame', ... (17619 bytes))
1773123726: Sending PUBLISH to TrafficAI-1773123712 (d0, q0, r0, m0, 'traffic/esp32/frame', ... (17619 bytes))
1773123726: Received PUBLISH from VirtualCluster-125495 (d0, q0, r0, m0, 'traffic/esp32/frame', ... (17680 bytes))
1773123726: Sending PUBLISH to TrafficAI-1773123712 (d0, q0, r0, m0, 'traffic/esp32/frame', ... (17680 bytes))
1773123726: Received PUBLISH from VirtualCluster-125495 (d0, q0, r0, m0, 'traffic/esp32/frame', ... (16696 bytes))
1773123726: Sending PUBLISH to TrafficAI-1773123712 (d0, q0, r0, m0, 'traffic/esp32/frame', ... (16696 bytes))
1773123726: Received PUBLISH from VirtualCluster-125495 (d0, q0, r0, m0, 'traffic/esp32/frame', ... (17617 bytes))
1773123726: Sending PUBLISH to TrafficAI-1773123712 (d0, q0, r0, m0, 'traffic/esp32/frame', ... (17617 bytes))
1773123726: Received PUBLISH from VirtualCluster-125495 (d0, q0, r0, m0, 'traffic/esp32/frame', ... (17665 bytes))
1773123726: Sending PUBLISH to TrafficAI-1773123712 (d0, q0, r0, m0, 'traffic/esp32/frame', ... (17665 bytes))
1773123726: Received PUBLISH from VirtualCluster-125495 (d0, q0, r0, m0, 'traffic/esp32/frame', ... (16708 bytes))
1773123726: Sending PUBLISH to TrafficAI-1773123712 (d0, q0, r0, m0, 'traffic/esp32/frame', ... (16708 bytes))
1773123726: Received PUBLISH from VirtualCluster-125495 (d0, q0, r0, m0, 'traffic/esp32/frame', ... (17594 bytes))
1773123726: Sending PUBLISH to TrafficAI-1773123712 (d0, q0, r0, m0, 'traffic/esp32/frame', ... (17594 bytes))
1773123726: Received PUBLISH from VirtualCluster-125495 (d0, q0, r0, m0, 'traffic/esp32/frame', ... (17671 bytes))
1773123726: Sending PUBLISH to TrafficAI-1773123712 (d0, q0, r0, m0, 'traffic/esp32/frame', ... (17671 bytes))
1773123727: Received PUBLISH from VirtualCluster-125495 (d0, q0, r0, m0, 'traffic/esp32/frame', ... (16672 bytes))
1773123727: Sending PUBLISH to TrafficAI-1773123712 (d0, q0, r0, m0, 'traffic/esp32/frame', ... (16672 bytes))
1773123727: Received PUBLISH from VirtualCluster-125495 (d0, q0, r0, m0, 'traffic/esp32/frame', ... (17614 bytes))
1773123727: Sending PUBLISH to TrafficAI-1773123712 (d0, q0, r0, m0, 'traffic/esp32/frame', ... (17614 bytes))
1773123727: Received PUBLISH from VirtualCluster-125495 (d0, q0, r0, m0, 'traffic/esp32/frame', ... (17689 bytes))
1773123727: Sending PUBLISH to TrafficAI-1773123712 (d0, q0, r0, m0, 'traffic/esp32/frame', ... (17689 bytes))
1773123727: Received PUBLISH from VirtualCluster-125495 (d0, q0, r0, m0, 'traffic/esp32/frame', ... (16720 bytes))
1773123727: Sending PUBLISH to TrafficAI-1773123712 (d0, q0, r0, m0, 'traffic/esp32/frame', ... (16720 bytes))
1773123727: Received PUBLISH from VirtualCluster-125495 (d0, q0, r0, m0, 'traffic/esp32/frame', ... (17603 bytes))
1773123727: Sending PUBLISH to TrafficAI-1773123712 (d0, q0, r0, m0, 'traffic/esp32/frame', ... (17603 bytes))
1773123727: Received PUBLISH from VirtualCluster-125495 (d0, q0, r0, m0, 'traffic/esp32/frame', ... (17690 bytes))
1773123727: Sending PUBLISH to TrafficAI-1773123712 (d0, q0, r0, m0, 'traffic/esp32/frame', ... (17690 bytes))
1773123727: Received PUBLISH from VirtualCluster-125495 (d0, q0, r0, m0, 'traffic/esp32/frame', ... (16699 bytes))
1773123727: Sending PUBLISH to TrafficAI-1773123712 (d0, q0, r0, m0, 'traffic/esp32/frame', ... (16699 bytes))
1773123727: Received PUBLISH from VirtualCluster-125495 (d0, q0, r0, m0, 'traffic/esp32/frame', ... (17606 bytes))
1773123727: Sending PUBLISH to TrafficAI-1773123712 (d0, q0, r0, m0, 'traffic/esp32/frame', ... (17606 bytes))
1773123727: Received PUBLISH from VirtualCluster-125495 (d0, q0, r0, m0, 'traffic/esp32/frame', ... (17657 bytes))
1773123727: Sending PUBLISH to TrafficAI-1773123712 (d0, q0, r0, m0, 'traffic/esp32/frame', ... (17657 bytes))
1773123727: Received PUBLISH from VirtualCluster-125495 (d0, q0, r0, m0, 'traffic/esp32/frame', ... (16733 bytes))
1773123727: Sending PUBLISH to TrafficAI-1773123712 (d0, q0, r0, m0, 'traffic/esp32/frame', ... (16733 bytes))
1773123727: Received PUBLISH from VirtualCluster-125495 (d0, q0, r0, m0, 'traffic/esp32/frame', ... (17610 bytes))
1773123727: Sending PUBLISH to TrafficAI-1773123712 (d0, q0, r0, m0, 'traffic/esp32/frame', ... (17610 bytes))
1773123727: Received PUBLISH from VirtualCluster-125495 (d0, q0, r0, m0, 'traffic/esp32/frame', ... (17692 bytes))
1773123727: Sending PUBLISH to TrafficAI-1773123712 (d0, q0, r0, m0, 'traffic/esp32/frame', ... (17692 bytes))
1773123727: Received PUBLISH from VirtualCluster-125495 (d0, q0, r0, m0, 'traffic/esp32/frame', ... (16670 bytes))
1773123727: Sending PUBLISH to TrafficAI-1773123712 (d0, q0, r0, m0, 'traffic/esp32/frame', ... (16670 bytes))
1773123727: Received PUBLISH from VirtualCluster-125495 (d0, q0, r0, m0, 'traffic/esp32/frame', ... (17608 bytes))
1773123727: Sending PUBLISH to TrafficAI-1773123712 (d0, q0, r0, m0, 'traffic/esp32/frame', ... (17608 bytes))
1773123727: Received PUBLISH from VirtualCluster-125495 (d0, q0, r0, m0, 'traffic/esp32/frame', ... (17694 bytes))
1773123727: Sending PUBLISH to TrafficAI-1773123712 (d0, q0, r0, m0, 'traffic/esp32/frame', ... (17694 bytes))
1773123727: Received PUBLISH from VirtualCluster-125495 (d0, q0, r0, m0, 'traffic/esp32/frame', ... (16713 bytes))
1773123727: Sending PUBLISH to TrafficAI-1773123712 (d0, q0, r0, m0, 'traffic/esp32/frame', ... (16713 bytes))
1773123727: Received PUBLISH from VirtualCluster-125495 (d0, q0, r0, m0, 'traffic/esp32/frame', ... (17606 bytes))
1773123727: Sending PUBLISH to TrafficAI-1773123712 (d0, q0, r0, m0, 'traffic/esp32/frame', ... (17606 bytes))
1773123727: Received PUBLISH from VirtualCluster-125495 (d0, q0, r0, m0, 'traffic/esp32/frame', ... (17697 bytes))
1773123727: Sending PUBLISH to TrafficAI-1773123712 (d0, q0, r0, m0, 'traffic/esp32/frame', ... (17697 bytes))
1773123727: Received PUBLISH from VirtualCluster-125495 (d0, q0, r0, m0, 'traffic/esp32/frame', ... (16684 bytes))
1773123727: Sending PUBLISH to TrafficAI-1773123712 (d0, q0, r0, m0, 'traffic/esp32/frame', ... (16684 bytes))
1773123727: Received PUBLISH from VirtualCluster-125495 (d0, q0, r0, m0, 'traffic/esp32/frame', ... (17617 bytes))
1773123727: Sending PUBLISH to TrafficAI-1773123712 (d0, q0, r0, m0, 'traffic/esp32/frame', ... (17617 bytes))
1773123727: Received PUBLISH from VirtualCluster-125495 (d0, q0, r0, m0, 'traffic/esp32/frame', ... (17661 bytes))
1773123727: Sending PUBLISH to TrafficAI-1773123712 (d0, q0, r0, m0, 'traffic/esp32/frame', ... (17661 bytes))
1773123727: Received PUBLISH from VirtualCluster-125495 (d0, q0, r0, m0, 'traffic/esp32/frame', ... (16721 bytes))
1773123727: Sending PUBLISH to TrafficAI-1773123712 (d0, q0, r0, m0, 'traffic/esp32/frame', ... (16721 bytes))
1773123727: Received PUBLISH from VirtualCluster-125495 (d0, q0, r0, m0, 'traffic/esp32/frame', ... (17589 bytes))
1773123727: Sending PUBLISH to TrafficAI-1773123712 (d0, q0, r0, m0, 'traffic/esp32/frame', ... (17589 bytes))
1773123727: Received PUBLISH from VirtualCluster-125495 (d0, q0, r0, m0, 'traffic/esp32/frame', ... (17685 bytes))
1773123727: Sending PUBLISH to TrafficAI-1773123712 (d0, q0, r0, m0, 'traffic/esp32/frame', ... (17685 bytes))
1773123727: Received PUBLISH from VirtualCluster-125495 (d0, q0, r0, m0, 'traffic/esp32/frame', ... (16697 bytes))
1773123727: Sending PUBLISH to TrafficAI-1773123712 (d0, q0, r0, m0, 'traffic/esp32/frame', ... (16697 bytes))
1773123727: Received PUBLISH from VirtualCluster-125495 (d0, q0, r0, m0, 'traffic/esp32/frame', ... (17589 bytes))
1773123727: Sending PUBLISH to TrafficAI-1773123712 (d0, q0, r0, m0, 'traffic/esp32/frame', ... (17589 bytes))
1773123727: Received PUBLISH from VirtualCluster-125495 (d0, q0, r0, m0, 'traffic/esp32/frame', ... (17676 bytes))
1773123727: Sending PUBLISH to TrafficAI-1773123712 (d0, q0, r0, m0, 'traffic/esp32/frame', ... (17676 bytes))
1773123727: Received PUBLISH from VirtualCluster-125495 (d0, q0, r0, m0, 'traffic/esp32/frame', ... (16711 bytes))
1773123727: Sending PUBLISH to TrafficAI-1773123712 (d0, q0, r0, m0, 'traffic/esp32/frame', ... (16711 bytes))
1773123727: Received PUBLISH from VirtualCluster-125495 (d0, q0, r0, m0, 'traffic/esp32/frame', ... (17598 bytes))
1773123727: Sending PUBLISH to TrafficAI-1773123712 (d0, q0, r0, m0, 'traffic/esp32/frame', ... (17598 bytes))
1773123727: Received PUBLISH from VirtualCluster-125495 (d0, q0, r0, m0, 'traffic/esp32/frame', ... (17683 bytes))
1773123727: Sending PUBLISH to TrafficAI-1773123712 (d0, q0, r0, m0, 'traffic/esp32/frame', ... (17683 bytes))
1773123727: Received PUBLISH from VirtualCluster-125495 (d0, q0, r0, m0, 'traffic/esp32/frame', ... (16731 bytes))
1773123727: Sending PUBLISH to TrafficAI-1773123712 (d0, q0, r0, m0, 'traffic/esp32/frame', ... (16731 bytes))
1773123727: Received PUBLISH from VirtualCluster-125495 (d0, q0, r0, m0, 'traffic/esp32/frame', ... (17611 bytes))
1773123727: Sending PUBLISH to TrafficAI-1773123712 (d0, q0, r0, m0, 'traffic/esp32/frame', ... (17611 bytes))
1773123727: Received PUBLISH from VirtualCluster-125495 (d0, q0, r0, m0, 'traffic/esp32/frame', ... (17652 bytes))
1773123727: Sending PUBLISH to TrafficAI-1773123712 (d0, q0, r0, m0, 'traffic/esp32/frame', ... (17652 bytes))
1773123727: Received PUBLISH from VirtualCluster-125495 (d0, q0, r0, m0, 'traffic/esp32/frame', ... (16702 bytes))
1773123727: Sending PUBLISH to TrafficAI-1773123712 (d0, q0, r0, m0, 'traffic/esp32/frame', ... (16702 bytes))
1773123727: Received PUBLISH from VirtualCluster-125495 (d0, q0, r0, m0, 'traffic/esp32/frame', ... (17609 bytes))
1773123727: Sending PUBLISH to TrafficAI-1773123712 (d0, q0, r0, m0, 'traffic/esp32/frame', ... (17609 bytes))
1773123727: Received PUBLISH from VirtualCluster-125495 (d0, q0, r0, m0, 'traffic/esp32/frame', ... (17695 bytes))
1773123727: Sending PUBLISH to TrafficAI-1773123712 (d0, q0, r0, m0, 'traffic/esp32/frame', ... (17695 bytes))
1773123727: Received PUBLISH from VirtualCluster-125495 (d0, q0, r0, m0, 'traffic/esp32/frame', ... (16704 bytes))
1773123727: Sending PUBLISH to TrafficAI-1773123712 (d0, q0, r0, m0, 'traffic/esp32/frame', ... (16704 bytes))
1773123727: Received PUBLISH from VirtualCluster-125495 (d0, q0, r0, m0, 'traffic/esp32/frame', ... (17591 bytes))
1773123727: Sending PUBLISH to TrafficAI-1773123712 (d0, q0, r0, m0, 'traffic/esp32/frame', ... (17591 bytes))
1773123727: Received PUBLISH from VirtualCluster-125495 (d0, q0, r0, m0, 'traffic/esp32/frame', ... (17688 bytes))
1773123727: Sending PUBLISH to TrafficAI-1773123712 (d0, q0, r0, m0, 'traffic/esp32/frame', ... (17688 bytes))
1773123727: Received PUBLISH from VirtualCluster-125495 (d0, q0, r0, m0, 'traffic/esp32/frame', ... (16691 bytes))
1773123727: Sending PUBLISH to TrafficAI-1773123712 (d0, q0, r0, m0, 'traffic/esp32/frame', ... (16691 bytes))
1773123727: Received PUBLISH from VirtualCluster-125495 (d0, q0, r0, m0, 'traffic/esp32/frame', ... (17601 bytes))
1773123727: Sending PUBLISH to TrafficAI-1773123712 (d0, q0, r0, m0, 'traffic/esp32/frame', ... (17601 bytes))
1773123727: Received PUBLISH from VirtualCluster-125495 (d0, q0, r0, m0, 'traffic/esp32/frame', ... (17680 bytes))
1773123727: Sending PUBLISH to TrafficAI-1773123712 (d0, q0, r0, m0, 'traffic/esp32/frame', ... (17680 bytes))
1773123727: Received PUBLISH from VirtualCluster-125495 (d0, q0, r0, m0, 'traffic/esp32/frame', ... (16699 bytes))
1773123727: Sending PUBLISH to TrafficAI-1773123712 (d0, q0, r0, m0, 'traffic/esp32/frame', ... (16699 bytes))
1773123727: Received PUBLISH from VirtualCluster-125495 (d0, q0, r0, m0, 'traffic/esp32/frame', ... (17618 bytes))
1773123727: Sending PUBLISH to TrafficAI-1773123712 (d0, q0, r0, m0, 'traffic/esp32/frame', ... (17618 bytes))
1773123727: Received PUBLISH from VirtualCluster-125495 (d0, q0, r0, m0, 'traffic/esp32/frame', ... (17668 bytes))
1773123727: Sending PUBLISH to TrafficAI-1773123712 (d0, q0, r0, m0, 'traffic/esp32/frame', ... (17668 bytes))
1773123728: Received PUBLISH from VirtualCluster-125495 (d0, q0, r0, m0, 'traffic/esp32/frame', ... (16731 bytes))
1773123728: Sending PUBLISH to TrafficAI-1773123712 (d0, q0, r0, m0, 'traffic/esp32/frame', ... (16731 bytes))
1773123728: Received PUBLISH from VirtualCluster-125495 (d0, q0, r0, m0, 'traffic/esp32/frame', ... (17600 bytes))
1773123728: Sending PUBLISH to TrafficAI-1773123712 (d0, q0, r0, m0, 'traffic/esp32/frame', ... (17600 bytes))
1773123728: Received PUBLISH from VirtualCluster-125495 (d0, q0, r0, m0, 'traffic/esp32/frame', ... (17675 bytes))
1773123728: Sending PUBLISH to TrafficAI-1773123712 (d0, q0, r0, m0, 'traffic/esp32/frame', ... (17675 bytes))
1773123728: Received PUBLISH from VirtualCluster-125495 (d0, q1, r0, m130, 'traffic/ai/context', ... (173 bytes))
1773123728: Sending PUBLISH to TrafficAI-1773123712 (d0, q1, r0, m8, 'traffic/ai/context', ... (173 bytes))
1773123728: Sending PUBACK to VirtualCluster-125495 (m130, rc0)
1773123728: Received PUBACK from TrafficAI-1773123712 (Mid: 8, RC:0)
1773123728: Received PUBLISH from VirtualCluster-125495 (d0, q0, r0, m0, 'traffic/esp32/frame', ... (16685 bytes))
1773123728: Sending PUBLISH to TrafficAI-1773123712 (d0, q0, r0, m0, 'traffic/esp32/frame', ... (16685 bytes))
1773123728: Received PUBLISH from VirtualCluster-125495 (d0, q0, r0, m0, 'traffic/esp32/frame', ... (17599 bytes))
1773123728: Sending PUBLISH to TrafficAI-1773123712 (d0, q0, r0, m0, 'traffic/esp32/frame', ... (17599 bytes))
1773123728: Received PUBLISH from VirtualCluster-125495 (d0, q0, r0, m0, 'traffic/esp32/frame', ... (17685 bytes))
1773123728: Sending PUBLISH to TrafficAI-1773123712 (d0, q0, r0, m0, 'traffic/esp32/frame', ... (17685 bytes))
1773123728: Received PUBLISH from VirtualCluster-125495 (d0, q0, r0, m0, 'traffic/esp32/frame', ... (16706 bytes))
1773123728: Sending PUBLISH to TrafficAI-1773123712 (d0, q0, r0, m0, 'traffic/esp32/frame', ... (16706 bytes))
1773123728: Received PUBLISH from VirtualCluster-125495 (d0, q0, r0, m0, 'traffic/esp32/frame', ... (17606 bytes))
1773123728: Sending PUBLISH to TrafficAI-1773123712 (d0, q0, r0, m0, 'traffic/esp32/frame', ... (17606 bytes))
1773123728: Received PUBLISH from VirtualCluster-125495 (d0, q0, r0, m0, 'traffic/esp32/frame', ... (17668 bytes))
1773123728: Sending PUBLISH to TrafficAI-1773123712 (d0, q0, r0, m0, 'traffic/esp32/frame', ... (17668 bytes))
1773123728: Received PUBLISH from VirtualCluster-125495 (d0, q0, r0, m0, 'traffic/esp32/frame', ... (16710 bytes))
1773123728: Sending PUBLISH to TrafficAI-1773123712 (d0, q0, r0, m0, 'traffic/esp32/frame', ... (16710 bytes))
1773123728: Received PUBLISH from VirtualCluster-125495 (d0, q0, r0, m0, 'traffic/esp32/frame', ... (17609 bytes))
1773123728: Sending PUBLISH to TrafficAI-1773123712 (d0, q0, r0, m0, 'traffic/esp32/frame', ... (17609 bytes))
1773123728: Received PUBLISH from VirtualCluster-125495 (d0, q0, r0, m0, 'traffic/esp32/frame', ... (17644 bytes))
1773123728: Sending PUBLISH to TrafficAI-1773123712 (d0, q0, r0, m0, 'traffic/esp32/frame', ... (17644 bytes))
1773123728: Received PUBLISH from VirtualCluster-125495 (d0, q0, r0, m0, 'traffic/esp32/frame', ... (16723 bytes))
1773123728: Sending PUBLISH to TrafficAI-1773123712 (d0, q0, r0, m0, 'traffic/esp32/frame', ... (16723 bytes))
1773123728: Received PUBLISH from VirtualCluster-125495 (d0, q0, r0, m0, 'traffic/esp32/frame', ... (17596 bytes))
1773123728: Sending PUBLISH to TrafficAI-1773123712 (d0, q0, r0, m0, 'traffic/esp32/frame', ... (17596 bytes))
1773123728: Received PUBLISH from VirtualCluster-125495 (d0, q0, r0, m0, 'traffic/esp32/frame', ... (17704 bytes))
1773123728: Sending PUBLISH to TrafficAI-1773123712 (d0, q0, r0, m0, 'traffic/esp32/frame', ... (17704 bytes))
1773123728: Received PUBLISH from VirtualCluster-125495 (d0, q0, r0, m0, 'traffic/esp32/frame', ... (16689 bytes))
1773123728: Sending PUBLISH to TrafficAI-1773123712 (d0, q0, r0, m0, 'traffic/esp32/frame', ... (16689 bytes))
1773123728: Received PUBLISH from VirtualCluster-125495 (d0, q0, r0, m0, 'traffic/esp32/frame', ... (17608 bytes))
1773123728: Sending PUBLISH to TrafficAI-1773123712 (d0, q0, r0, m0, 'traffic/esp32/frame', ... (17608 bytes))
1773123728: Received PUBLISH from VirtualCluster-125495 (d0, q0, r0, m0, 'traffic/esp32/frame', ... (17694 bytes))
1773123728: Sending PUBLISH to TrafficAI-1773123712 (d0, q0, r0, m0, 'traffic/esp32/frame', ... (17694 bytes))
1773123728: Received PUBLISH from VirtualCluster-125495 (d0, q0, r0, m0, 'traffic/esp32/frame', ... (16686 bytes))
1773123728: Sending PUBLISH to TrafficAI-1773123712 (d0, q0, r0, m0, 'traffic/esp32/frame', ... (16686 bytes))
1773123728: Received PUBLISH from VirtualCluster-125495 (d0, q0, r0, m0, 'traffic/esp32/frame', ... (17616 bytes))
1773123728: Sending PUBLISH to TrafficAI-1773123712 (d0, q0, r0, m0, 'traffic/esp32/frame', ... (17616 bytes))
1773123728: Received PUBLISH from VirtualCluster-125495 (d0, q0, r0, m0, 'traffic/esp32/frame', ... (17681 bytes))
1773123728: Sending PUBLISH to TrafficAI-1773123712 (d0, q0, r0, m0, 'traffic/esp32/frame', ... (17681 bytes))
1773123728: Received PUBLISH from VirtualCluster-125495 (d0, q0, r0, m0, 'traffic/esp32/frame', ... (16693 bytes))
1773123728: Sending PUBLISH to TrafficAI-1773123712 (d0, q0, r0, m0, 'traffic/esp32/frame', ... (16693 bytes))
1773123728: Received PUBLISH from VirtualCluster-125495 (d0, q0, r0, m0, 'traffic/esp32/frame', ... (17609 bytes))
1773123728: Sending PUBLISH to TrafficAI-1773123712 (d0, q0, r0, m0, 'traffic/esp32/frame', ... (17609 bytes))
1773123728: Received PUBLISH from VirtualCluster-125495 (d0, q0, r0, m0, 'traffic/esp32/frame', ... (17663 bytes))
1773123728: Sending PUBLISH to TrafficAI-1773123712 (d0, q0, r0, m0, 'traffic/esp32/frame', ... (17663 bytes))
1773123728: Received PUBLISH from VirtualCluster-125495 (d0, q0, r0, m0, 'traffic/esp32/frame', ... (16722 bytes))
1773123728: Sending PUBLISH to TrafficAI-1773123712 (d0, q0, r0, m0, 'traffic/esp32/frame', ... (16722 bytes))
1773123728: Received PUBLISH from VirtualCluster-125495 (d0, q0, r0, m0, 'traffic/esp32/frame', ... (17591 bytes))
1773123728: Sending PUBLISH to TrafficAI-1773123712 (d0, q0, r0, m0, 'traffic/esp32/frame', ... (17591 bytes))
1773123728: Received PUBLISH from VirtualCluster-125495 (d0, q0, r0, m0, 'traffic/esp32/frame', ... (17668 bytes))
1773123728: Sending PUBLISH to TrafficAI-1773123712 (d0, q0, r0, m0, 'traffic/esp32/frame', ... (17668 bytes))
1773123728: Received PUBLISH from VirtualCluster-125495 (d0, q0, r0, m0, 'traffic/esp32/frame', ... (16682 bytes))
1773123728: Sending PUBLISH to TrafficAI-1773123712 (d0, q0, r0, m0, 'traffic/esp32/frame', ... (16682 bytes))
1773123728: Received PUBLISH from VirtualCluster-125495 (d0, q0, r0, m0, 'traffic/esp32/frame', ... (17600 bytes))
1773123728: Sending PUBLISH to TrafficAI-1773123712 (d0, q0, r0, m0, 'traffic/esp32/frame', ... (17600 bytes))
1773123728: Received PUBLISH from VirtualCluster-125495 (d0, q0, r0, m0, 'traffic/esp32/frame', ... (17677 bytes))
1773123728: Sending PUBLISH to TrafficAI-1773123712 (d0, q0, r0, m0, 'traffic/esp32/frame', ... (17677 bytes))
1773123728: Received PUBLISH from VirtualCluster-125495 (d0, q0, r0, m0, 'traffic/esp32/frame', ... (16694 bytes))
1773123728: Sending PUBLISH to TrafficAI-1773123712 (d0, q0, r0, m0, 'traffic/esp32/frame', ... (16694 bytes))
1773123728: Received PUBLISH from VirtualCluster-125495 (d0, q0, r0, m0, 'traffic/esp32/frame', ... (17601 bytes))
1773123728: Sending PUBLISH to TrafficAI-1773123712 (d0, q0, r0, m0, 'traffic/esp32/frame', ... (17601 bytes))
1773123728: Received PUBLISH from VirtualCluster-125495 (d0, q0, r0, m0, 'traffic/esp32/frame', ... (17676 bytes))
1773123728: Sending PUBLISH to TrafficAI-1773123712 (d0, q0, r0, m0, 'traffic/esp32/frame', ... (17676 bytes))
1773123728: Received PUBLISH from VirtualCluster-125495 (d0, q0, r0, m0, 'traffic/esp32/frame', ... (16710 bytes))
1773123728: Sending PUBLISH to TrafficAI-1773123712 (d0, q0, r0, m0, 'traffic/esp32/frame', ... (16710 bytes))
1773123728: Received PUBLISH from VirtualCluster-125495 (d0, q0, r0, m0, 'traffic/esp32/frame', ... (17609 bytes))
1773123728: Sending PUBLISH to TrafficAI-1773123712 (d0, q0, r0, m0, 'traffic/esp32/frame', ... (17609 bytes))
1773123728: Received PUBLISH from VirtualCluster-125495 (d0, q0, r0, m0, 'traffic/esp32/frame', ... (17655 bytes))
1773123728: Sending PUBLISH to TrafficAI-1773123712 (d0, q0, r0, m0, 'traffic/esp32/frame', ... (17655 bytes))
1773123728: Received PUBLISH from VirtualCluster-125495 (d0, q0, r0, m0, 'traffic/esp32/frame', ... (16699 bytes))
1773123728: Sending PUBLISH to TrafficAI-1773123712 (d0, q0, r0, m0, 'traffic/esp32/frame', ... (16699 bytes))
1773123728: Received PUBLISH from VirtualCluster-125495 (d0, q0, r0, m0, 'traffic/esp32/frame', ... (17599 bytes))
1773123728: Sending PUBLISH to TrafficAI-1773123712 (d0, q0, r0, m0, 'traffic/esp32/frame', ... (17599 bytes))
1773123728: Received PUBLISH from VirtualCluster-125495 (d0, q0, r0, m0, 'traffic/esp32/frame', ... (17687 bytes))
1773123728: Sending PUBLISH to TrafficAI-1773123712 (d0, q0, r0, m0, 'traffic/esp32/frame', ... (17687 bytes))
1773123728: Received PUBLISH from VirtualCluster-125495 (d0, q0, r0, m0, 'traffic/esp32/frame', ... (16714 bytes))
1773123728: Sending PUBLISH to TrafficAI-1773123712 (d0, q0, r0, m0, 'traffic/esp32/frame', ... (16714 bytes))
1773123728: Received PUBLISH from VirtualCluster-125495 (d0, q0, r0, m0, 'traffic/esp32/frame', ... (17594 bytes))
1773123728: Sending PUBLISH to TrafficAI-1773123712 (d0, q0, r0, m0, 'traffic/esp32/frame', ... (17594 bytes))
1773123728: Received PUBLISH from VirtualCluster-125495 (d0, q1, r0, m169, 'traffic/ai/violation', ... (56046 bytes))
1773123728: Sending PUBLISH to TrafficAI-1773123712 (d0, q1, r0, m9, 'traffic/ai/violation', ... (56046 bytes))
1773123728: Sending PUBACK to VirtualCluster-125495 (m169, rc0)
1773123728: Received PUBACK from TrafficAI-1773123712 (Mid: 9, RC:0)
1773123728: Received PUBLISH from VirtualCluster-125495 (d0, q0, r0, m0, 'traffic/esp32/frame', ... (17684 bytes))
1773123728: Sending PUBLISH to TrafficAI-1773123712 (d0, q0, r0, m0, 'traffic/esp32/frame', ... (17684 bytes))
1773123728: Received PUBLISH from VirtualCluster-125495 (d0, q0, r0, m0, 'traffic/esp32/frame', ... (16679 bytes))
1773123728: Sending PUBLISH to TrafficAI-1773123712 (d0, q0, r0, m0, 'traffic/esp32/frame', ... (16679 bytes))
1773123728: Received PUBLISH from VirtualCluster-125495 (d0, q0, r0, m0, 'traffic/esp32/frame', ... (17612 bytes))
1773123728: Sending PUBLISH to TrafficAI-1773123712 (d0, q0, r0, m0, 'traffic/esp32/frame', ... (17612 bytes))
1773123729: Received PUBLISH from VirtualCluster-125495 (d0, q0, r0, m0, 'traffic/esp32/frame', ... (17670 bytes))
1773123729: Sending PUBLISH to TrafficAI-1773123712 (d0, q0, r0, m0, 'traffic/esp32/frame', ... (17670 bytes))
1773123729: Received PUBLISH from VirtualCluster-125495 (d0, q0, r0, m0, 'traffic/esp32/frame', ... (16705 bytes))
1773123729: Sending PUBLISH to TrafficAI-1773123712 (d0, q0, r0, m0, 'traffic/esp32/frame', ... (16705 bytes))
1773123729: Received PUBLISH from VirtualCluster-125495 (d0, q0, r0, m0, 'traffic/esp32/frame', ... (17623 bytes))
1773123729: Sending PUBLISH to TrafficAI-1773123712 (d0, q0, r0, m0, 'traffic/esp32/frame', ... (17623 bytes))
1773123729: Received PUBLISH from VirtualCluster-125495 (d0, q0, r0, m0, 'traffic/esp32/frame', ... (17665 bytes))
1773123729: Sending PUBLISH to TrafficAI-1773123712 (d0, q0, r0, m0, 'traffic/esp32/frame', ... (17665 bytes))
1773123729: Received PUBLISH from VirtualCluster-125495 (d0, q1, r0, m177, 'traffic/esp32/status', ... (100 bytes))
1773123729: Sending PUBLISH to TrafficAI-1773123712 (d0, q1, r0, m10, 'traffic/esp32/status', ... (100 bytes))
1773123729: Sending PUBACK to VirtualCluster-125495 (m177, rc0)
1773123729: Received PUBACK from TrafficAI-1773123712 (Mid: 10, RC:0)
1773123729: Received PUBLISH from VirtualCluster-125495 (d0, q0, r0, m0, 'traffic/esp32/frame', ... (16711 bytes))
1773123729: Sending PUBLISH to TrafficAI-1773123712 (d0, q0, r0, m0, 'traffic/esp32/frame', ... (16711 bytes))
1773123729: Received PUBLISH from VirtualCluster-125495 (d0, q0, r0, m0, 'traffic/esp32/frame', ... (17597 bytes))
1773123729: Sending PUBLISH to TrafficAI-1773123712 (d0, q0, r0, m0, 'traffic/esp32/frame', ... (17597 bytes))
1773123729: Received PUBLISH from VirtualCluster-125495 (d0, q0, r0, m0, 'traffic/esp32/frame', ... (17692 bytes))
1773123729: Sending PUBLISH to TrafficAI-1773123712 (d0, q0, r0, m0, 'traffic/esp32/frame', ... (17692 bytes))
1773123729: Received PUBLISH from VirtualCluster-125495 (d0, q0, r0, m0, 'traffic/esp32/frame', ... (16701 bytes))
1773123729: Sending PUBLISH to TrafficAI-1773123712 (d0, q0, r0, m0, 'traffic/esp32/frame', ... (16701 bytes))
1773123729: Received PUBLISH from VirtualCluster-125495 (d0, q0, r0, m0, 'traffic/esp32/frame', ... (17614 bytes))
1773123729: Sending PUBLISH to TrafficAI-1773123712 (d0, q0, r0, m0, 'traffic/esp32/frame', ... (17614 bytes))
1773123729: Received PUBLISH from VirtualCluster-125495 (d0, q0, r0, m0, 'traffic/esp32/frame', ... (17688 bytes))
1773123729: Sending PUBLISH to TrafficAI-1773123712 (d0, q0, r0, m0, 'traffic/esp32/frame', ... (17688 bytes))
1773123729: Received PUBLISH from VirtualCluster-125495 (d0, q0, r0, m0, 'traffic/esp32/frame', ... (16699 bytes))
1773123729: Sending PUBLISH to TrafficAI-1773123712 (d0, q0, r0, m0, 'traffic/esp32/frame', ... (16699 bytes))
1773123729: Received PUBLISH from VirtualCluster-125495 (d0, q0, r0, m0, 'traffic/esp32/frame', ... (17618 bytes))
1773123729: Sending PUBLISH to TrafficAI-1773123712 (d0, q0, r0, m0, 'traffic/esp32/frame', ... (17618 bytes))
1773123729: Received PUBLISH from VirtualCluster-125495 (d0, q0, r0, m0, 'traffic/esp32/frame', ... (17693 bytes))
1773123729: Sending PUBLISH to TrafficAI-1773123712 (d0, q0, r0, m0, 'traffic/esp32/frame', ... (17693 bytes))
1773123729: Received PUBLISH from VirtualCluster-125495 (d0, q0, r0, m0, 'traffic/esp32/frame', ... (16696 bytes))
1773123729: Sending PUBLISH to TrafficAI-1773123712 (d0, q0, r0, m0, 'traffic/esp32/frame', ... (16696 bytes))
1773123729: Received PUBLISH from VirtualCluster-125495 (d0, q0, r0, m0, 'traffic/esp32/frame', ... (17608 bytes))
1773123729: Sending PUBLISH to TrafficAI-1773123712 (d0, q0, r0, m0, 'traffic/esp32/frame', ... (17608 bytes))
1773123729: Received PUBLISH from VirtualCluster-125495 (d0, q0, r0, m0, 'traffic/esp32/frame', ... (17648 bytes))
1773123729: Sending PUBLISH to TrafficAI-1773123712 (d0, q0, r0, m0, 'traffic/esp32/frame', ... (17648 bytes))
1773123729: Received PUBLISH from VirtualCluster-125495 (d0, q0, r0, m0, 'traffic/esp32/frame', ... (16718 bytes))
1773123729: Sending PUBLISH to TrafficAI-1773123712 (d0, q0, r0, m0, 'traffic/esp32/frame', ... (16718 bytes))
1773123729: Received PUBLISH from VirtualCluster-125495 (d0, q0, r0, m0, 'traffic/esp32/frame', ... (17611 bytes))
1773123729: Sending PUBLISH to TrafficAI-1773123712 (d0, q0, r0, m0, 'traffic/esp32/frame', ... (17611 bytes))
1773123729: Received PUBLISH from VirtualCluster-125495 (d0, q0, r0, m0, 'traffic/esp32/frame', ... (17699 bytes))
1773123729: Sending PUBLISH to TrafficAI-1773123712 (d0, q0, r0, m0, 'traffic/esp32/frame', ... (17699 bytes))
1773123729: Received PUBLISH from VirtualCluster-125495 (d0, q0, r0, m0, 'traffic/esp32/frame', ... (16686 bytes))
1773123729: Sending PUBLISH to TrafficAI-1773123712 (d0, q0, r0, m0, 'traffic/esp32/frame', ... (16686 bytes))
1773123729: Received PUBLISH from VirtualCluster-125495 (d0, q1, r0, m194, 'traffic/esp32/status', ... (100 bytes))
1773123729: Sending PUBLISH to TrafficAI-1773123712 (d0, q1, r0, m11, 'traffic/esp32/status', ... (100 bytes))
1773123729: Sending PUBACK to VirtualCluster-125495 (m194, rc0)
1773123729: Received PUBLISH from VirtualCluster-125495 (d0, q0, r0, m0, 'traffic/esp32/frame', ... (17604 bytes))
1773123729: Sending PUBLISH to TrafficAI-1773123712 (d0, q0, r0, m0, 'traffic/esp32/frame', ... (17604 bytes))
1773123729: Received PUBACK from TrafficAI-1773123712 (Mid: 11, RC:0)
1773123729: Received PUBLISH from VirtualCluster-125495 (d0, q0, r0, m0, 'traffic/esp32/frame', ... (17689 bytes))
1773123729: Sending PUBLISH to TrafficAI-1773123712 (d0, q0, r0, m0, 'traffic/esp32/frame', ... (17689 bytes))
1773123729: Received PUBLISH from VirtualCluster-125495 (d0, q0, r0, m0, 'traffic/esp32/frame', ... (16704 bytes))
1773123729: Sending PUBLISH to TrafficAI-1773123712 (d0, q0, r0, m0, 'traffic/esp32/frame', ... (16704 bytes))
1773123729: Received PUBLISH from VirtualCluster-125495 (d0, q0, r0, m0, 'traffic/esp32/frame', ... (17616 bytes))
1773123729: Sending PUBLISH to TrafficAI-1773123712 (d0, q0, r0, m0, 'traffic/esp32/frame', ... (17616 bytes))
1773123729: Received PUBLISH from VirtualCluster-125495 (d0, q0, r0, m0, 'traffic/esp32/frame', ... (17691 bytes))
1773123729: Sending PUBLISH to TrafficAI-1773123712 (d0, q0, r0, m0, 'traffic/esp32/frame', ... (17691 bytes))
1773123729: Received PUBLISH from VirtualCluster-125495 (d0, q0, r0, m0, 'traffic/esp32/frame', ... (16686 bytes))
1773123729: Sending PUBLISH to TrafficAI-1773123712 (d0, q0, r0, m0, 'traffic/esp32/frame', ... (16686 bytes))
1773123729: Received PUBLISH from VirtualCluster-125495 (d0, q0, r0, m0, 'traffic/esp32/frame', ... (17625 bytes))
1773123729: Sending PUBLISH to TrafficAI-1773123712 (d0, q0, r0, m0, 'traffic/esp32/frame', ... (17625 bytes))
1773123729: Received PUBLISH from VirtualCluster-125495 (d0, q0, r0, m0, 'traffic/esp32/frame', ... (17667 bytes))
1773123729: Sending PUBLISH to TrafficAI-1773123712 (d0, q0, r0, m0, 'traffic/esp32/frame', ... (17667 bytes))
1773123729: Received PUBLISH from VirtualCluster-125495 (d0, q0, r0, m0, 'traffic/esp32/frame', ... (16693 bytes))
1773123729: Sending PUBLISH to TrafficAI-1773123712 (d0, q0, r0, m0, 'traffic/esp32/frame', ... (16693 bytes))
1773123729: Received PUBLISH from VirtualCluster-125495 (d0, q0, r0, m0, 'traffic/esp32/frame', ... (17600 bytes))
1773123729: Sending PUBLISH to TrafficAI-1773123712 (d0, q0, r0, m0, 'traffic/esp32/frame', ... (17600 bytes))
1773123729: Received PUBLISH from VirtualCluster-125495 (d0, q0, r0, m0, 'traffic/esp32/frame', ... (17691 bytes))
1773123729: Sending PUBLISH to TrafficAI-1773123712 (d0, q0, r0, m0, 'traffic/esp32/frame', ... (17691 bytes))
1773123729: Received PUBLISH from VirtualCluster-125495 (d0, q0, r0, m0, 'traffic/esp32/frame', ... (16698 bytes))
1773123729: Sending PUBLISH to TrafficAI-1773123712 (d0, q0, r0, m0, 'traffic/esp32/frame', ... (16698 bytes))
1773123729: Received PUBLISH from VirtualCluster-125495 (d0, q0, r0, m0, 'traffic/esp32/frame', ... (17610 bytes))
1773123729: Sending PUBLISH to TrafficAI-1773123712 (d0, q0, r0, m0, 'traffic/esp32/frame', ... (17610 bytes))
1773123729: Received PUBLISH from VirtualCluster-125495 (d0, q0, r0, m0, 'traffic/esp32/frame', ... (17668 bytes))
1773123729: Sending PUBLISH to TrafficAI-1773123712 (d0, q0, r0, m0, 'traffic/esp32/frame', ... (17668 bytes))
1773123729: Received PUBLISH from VirtualCluster-125495 (d0, q0, r0, m0, 'traffic/esp32/frame', ... (16729 bytes))
1773123729: Sending PUBLISH to TrafficAI-1773123712 (d0, q0, r0, m0, 'traffic/esp32/frame', ... (16729 bytes))
1773123729: Received PUBLISH from VirtualCluster-125495 (d0, q0, r0, m0, 'traffic/esp32/frame', ... (17600 bytes))
1773123729: Sending PUBLISH to TrafficAI-1773123712 (d0, q0, r0, m0, 'traffic/esp32/frame', ... (17600 bytes))
1773123729: Received PUBLISH from VirtualCluster-125495 (d0, q1, r0, m211, 'traffic/esp32/status', ... (100 bytes))
1773123729: Sending PUBLISH to TrafficAI-1773123712 (d0, q1, r0, m12, 'traffic/esp32/status', ... (100 bytes))
1773123729: Sending PUBACK to VirtualCluster-125495 (m211, rc0)
1773123729: Received PUBACK from TrafficAI-1773123712 (Mid: 12, RC:0)
1773123729: Received PUBLISH from VirtualCluster-125495 (d0, q0, r0, m0, 'traffic/esp32/frame', ... (17688 bytes))
1773123729: Sending PUBLISH to TrafficAI-1773123712 (d0, q0, r0, m0, 'traffic/esp32/frame', ... (17688 bytes))
1773123729: Received PUBLISH from VirtualCluster-125495 (d0, q0, r0, m0, 'traffic/esp32/frame', ... (16708 bytes))
1773123729: Sending PUBLISH to TrafficAI-1773123712 (d0, q0, r0, m0, 'traffic/esp32/frame', ... (16708 bytes))
1773123729: Received PUBLISH from VirtualCluster-125495 (d0, q0, r0, m0, 'traffic/esp32/frame', ... (17620 bytes))
1773123729: Sending PUBLISH to TrafficAI-1773123712 (d0, q0, r0, m0, 'traffic/esp32/frame', ... (17620 bytes))
1773123729: Received PUBLISH from VirtualCluster-125495 (d0, q0, r0, m0, 'traffic/esp32/frame', ... (17651 bytes))
1773123729: Sending PUBLISH to TrafficAI-1773123712 (d0, q0, r0, m0, 'traffic/esp32/frame', ... (17651 bytes))
1773123729: Received PUBLISH from VirtualCluster-125495 (d0, q0, r0, m0, 'traffic/esp32/frame', ... (16745 bytes))
1773123729: Sending PUBLISH to TrafficAI-1773123712 (d0, q0, r0, m0, 'traffic/esp32/frame', ... (16745 bytes))
1773123729: Received PUBLISH from VirtualCluster-125495 (d0, q0, r0, m0, 'traffic/esp32/frame', ... (17610 bytes))
1773123729: Sending PUBLISH to TrafficAI-1773123712 (d0, q0, r0, m0, 'traffic/esp32/frame', ... (17610 bytes))
1773123729: Received PUBLISH from VirtualCluster-125495 (d0, q0, r0, m0, 'traffic/esp32/frame', ... (17684 bytes))
1773123729: Sending PUBLISH to TrafficAI-1773123712 (d0, q0, r0, m0, 'traffic/esp32/frame', ... (17684 bytes))
1773123729: Received PUBLISH from VirtualCluster-125495 (d0, q0, r0, m0, 'traffic/esp32/frame', ... (16708 bytes))
1773123729: Sending PUBLISH to TrafficAI-1773123712 (d0, q0, r0, m0, 'traffic/esp32/frame', ... (16708 bytes))
1773123729: Received PUBLISH from VirtualCluster-125495 (d0, q0, r0, m0, 'traffic/esp32/frame', ... (17605 bytes))
1773123729: Sending PUBLISH to TrafficAI-1773123712 (d0, q0, r0, m0, 'traffic/esp32/frame', ... (17605 bytes))
1773123730: Received PUBLISH from VirtualCluster-125495 (d0, q0, r0, m0, 'traffic/esp32/frame', ... (17668 bytes))
1773123730: Sending PUBLISH to TrafficAI-1773123712 (d0, q0, r0, m0, 'traffic/esp32/frame', ... (17668 bytes))
1773123730: Received PUBLISH from VirtualCluster-125495 (d0, q0, r0, m0, 'traffic/esp32/frame', ... (16717 bytes))
1773123730: Sending PUBLISH to TrafficAI-1773123712 (d0, q0, r0, m0, 'traffic/esp32/frame', ... (16717 bytes))
1773123730: Received PUBLISH from VirtualCluster-125495 (d0, q0, r0, m0, 'traffic/esp32/frame', ... (17601 bytes))
1773123730: Sending PUBLISH to TrafficAI-1773123712 (d0, q0, r0, m0, 'traffic/esp32/frame', ... (17601 bytes))
1773123730: Received PUBLISH from VirtualCluster-125495 (d0, q0, r0, m0, 'traffic/esp32/frame', ... (17688 bytes))
1773123730: Sending PUBLISH to TrafficAI-1773123712 (d0, q0, r0, m0, 'traffic/esp32/frame', ... (17688 bytes))
1773123730: Received PUBLISH from VirtualCluster-125495 (d0, q0, r0, m0, 'traffic/esp32/frame', ... (16695 bytes))
1773123730: Sending PUBLISH to TrafficAI-1773123712 (d0, q0, r0, m0, 'traffic/esp32/frame', ... (16695 bytes))
1773123730: Received PUBLISH from VirtualCluster-125495 (d0, q0, r0, m0, 'traffic/esp32/frame', ... (17612 bytes))
1773123730: Sending PUBLISH to TrafficAI-1773123712 (d0, q0, r0, m0, 'traffic/esp32/frame', ... (17612 bytes))
1773123730: Received PUBLISH from VirtualCluster-125495 (d0, q1, r0, m227, 'traffic/esp32/status', ... (98 bytes))
1773123730: Sending PUBLISH to TrafficAI-1773123712 (d0, q1, r0, m13, 'traffic/esp32/status', ... (98 bytes))
1773123730: Sending PUBACK to VirtualCluster-125495 (m227, rc0)
1773123730: Received PUBACK from TrafficAI-1773123712 (Mid: 13, RC:0)
1773123730: Received PUBLISH from VirtualCluster-125495 (d0, q0, r0, m0, 'traffic/esp32/frame', ... (17677 bytes))
1773123730: Sending PUBLISH to TrafficAI-1773123712 (d0, q0, r0, m0, 'traffic/esp32/frame', ... (17677 bytes))
1773123730: Received PUBLISH from VirtualCluster-125495 (d0, q0, r0, m0, 'traffic/esp32/frame', ... (16719 bytes))
1773123730: Sending PUBLISH to TrafficAI-1773123712 (d0, q0, r0, m0, 'traffic/esp32/frame', ... (16719 bytes))
1773123730: Received PUBLISH from VirtualCluster-125495 (d0, q0, r0, m0, 'traffic/esp32/frame', ... (17579 bytes))
1773123730: Sending PUBLISH to TrafficAI-1773123712 (d0, q0, r0, m0, 'traffic/esp32/frame', ... (17579 bytes))
1773123730: Received PUBLISH from VirtualCluster-125495 (d0, q0, r0, m0, 'traffic/esp32/frame', ... (17689 bytes))
1773123730: Sending PUBLISH to TrafficAI-1773123712 (d0, q0, r0, m0, 'traffic/esp32/frame', ... (17689 bytes))
1773123730: Received PUBLISH from VirtualCluster-125495 (d0, q0, r0, m0, 'traffic/esp32/frame', ... (16712 bytes))
1773123730: Sending PUBLISH to TrafficAI-1773123712 (d0, q0, r0, m0, 'traffic/esp32/frame', ... (16712 bytes))
1773123730: Received PUBLISH from VirtualCluster-125495 (d0, q0, r0, m0, 'traffic/esp32/frame', ... (17585 bytes))
1773123730: Sending PUBLISH to TrafficAI-1773123712 (d0, q0, r0, m0, 'traffic/esp32/frame', ... (17585 bytes))
1773123730: Received PUBLISH from VirtualCluster-125495 (d0, q0, r0, m0, 'traffic/esp32/frame', ... (17689 bytes))
1773123730: Sending PUBLISH to TrafficAI-1773123712 (d0, q0, r0, m0, 'traffic/esp32/frame', ... (17689 bytes))
1773123730: Received PUBLISH from VirtualCluster-125495 (d0, q0, r0, m0, 'traffic/esp32/frame', ... (16738 bytes))
1773123730: Sending PUBLISH to TrafficAI-1773123712 (d0, q0, r0, m0, 'traffic/esp32/frame', ... (16738 bytes))
1773123730: Received PUBLISH from VirtualCluster-125495 (d0, q0, r0, m0, 'traffic/esp32/frame', ... (17597 bytes))
1773123730: Sending PUBLISH to TrafficAI-1773123712 (d0, q0, r0, m0, 'traffic/esp32/frame', ... (17597 bytes))
1773123730: Received PUBLISH from VirtualCluster-125495 (d0, q0, r0, m0, 'traffic/esp32/frame', ... (17700 bytes))
1773123730: Sending PUBLISH to TrafficAI-1773123712 (d0, q0, r0, m0, 'traffic/esp32/frame', ... (17700 bytes))
1773123730: Received PUBLISH from VirtualCluster-125495 (d0, q0, r0, m0, 'traffic/esp32/frame', ... (16704 bytes))
1773123730: Sending PUBLISH to TrafficAI-1773123712 (d0, q0, r0, m0, 'traffic/esp32/frame', ... (16704 bytes))
1773123730: Received PUBLISH from VirtualCluster-125495 (d0, q0, r0, m0, 'traffic/esp32/frame', ... (17585 bytes))
1773123730: Sending PUBLISH to TrafficAI-1773123712 (d0, q0, r0, m0, 'traffic/esp32/frame', ... (17585 bytes))
1773123730: Received PUBLISH from VirtualCluster-125495 (d0, q0, r0, m0, 'traffic/esp32/frame', ... (17660 bytes))
1773123730: Sending PUBLISH to TrafficAI-1773123712 (d0, q0, r0, m0, 'traffic/esp32/frame', ... (17660 bytes))
1773123730: Received PUBLISH from VirtualCluster-125495 (d0, q0, r0, m0, 'traffic/esp32/frame', ... (16723 bytes))
1773123730: Sending PUBLISH to TrafficAI-1773123712 (d0, q0, r0, m0, 'traffic/esp32/frame', ... (16723 bytes))
1773123730: Received PUBLISH from VirtualCluster-125495 (d0, q0, r0, m0, 'traffic/esp32/frame', ... (17593 bytes))
1773123730: Sending PUBLISH to TrafficAI-1773123712 (d0, q0, r0, m0, 'traffic/esp32/frame', ... (17593 bytes))
1773123730: Received PUBLISH from VirtualCluster-125495 (d0, q1, r0, m243, 'traffic/ai/violation', ... (57120 bytes))
1773123730: Sending PUBLISH to TrafficAI-1773123712 (d0, q1, r0, m14, 'traffic/ai/violation', ... (57120 bytes))
1773123730: Sending PUBACK to VirtualCluster-125495 (m243, rc0)
1773123730: Received PUBACK from TrafficAI-1773123712 (Mid: 14, RC:0)
1773123730: Received PUBLISH from VirtualCluster-125495 (d0, q1, r0, m244, 'traffic/esp32/status', ... (97 bytes))
1773123730: Sending PUBLISH to TrafficAI-1773123712 (d0, q1, r0, m15, 'traffic/esp32/status', ... (97 bytes))
1773123730: Sending PUBACK to VirtualCluster-125495 (m244, rc0)
1773123730: Received PUBACK from TrafficAI-1773123712 (Mid: 15, RC:0)
1773123730: Received PUBLISH from VirtualCluster-125495 (d0, q0, r0, m0, 'traffic/esp32/frame', ... (17706 bytes))
1773123730: Sending PUBLISH to TrafficAI-1773123712 (d0, q0, r0, m0, 'traffic/esp32/frame', ... (17706 bytes))
1773123730: Received PUBLISH from VirtualCluster-125495 (d0, q0, r0, m0, 'traffic/esp32/frame', ... (16688 bytes))
1773123730: Sending PUBLISH to TrafficAI-1773123712 (d0, q0, r0, m0, 'traffic/esp32/frame', ... (16688 bytes))
1773123730: Received PUBLISH from VirtualCluster-125495 (d0, q0, r0, m0, 'traffic/esp32/frame', ... (17591 bytes))
1773123730: Sending PUBLISH to TrafficAI-1773123712 (d0, q0, r0, m0, 'traffic/esp32/frame', ... (17591 bytes))
1773123730: Received PUBLISH from VirtualCluster-125495 (d0, q0, r0, m0, 'traffic/esp32/frame', ... (17696 bytes))
1773123730: Sending PUBLISH to TrafficAI-1773123712 (d0, q0, r0, m0, 'traffic/esp32/frame', ... (17696 bytes))
1773123730: Received PUBLISH from VirtualCluster-125495 (d0, q0, r0, m0, 'traffic/esp32/frame', ... (16715 bytes))
1773123730: Sending PUBLISH to TrafficAI-1773123712 (d0, q0, r0, m0, 'traffic/esp32/frame', ... (16715 bytes))
1773123730: Received PUBLISH from VirtualCluster-125495 (d0, q0, r0, m0, 'traffic/esp32/frame', ... (17594 bytes))
1773123730: Sending PUBLISH to TrafficAI-1773123712 (d0, q0, r0, m0, 'traffic/esp32/frame', ... (17594 bytes))
1773123730: Received PUBLISH from VirtualCluster-125495 (d0, q0, r0, m0, 'traffic/esp32/frame', ... (17693 bytes))
1773123730: Sending PUBLISH to TrafficAI-1773123712 (d0, q0, r0, m0, 'traffic/esp32/frame', ... (17693 bytes))
1773123730: Received PUBLISH from VirtualCluster-125495 (d0, q0, r0, m0, 'traffic/esp32/frame', ... (16717 bytes))
1773123730: Sending PUBLISH to TrafficAI-1773123712 (d0, q0, r0, m0, 'traffic/esp32/frame', ... (16717 bytes))
1773123730: Received PUBLISH from VirtualCluster-125495 (d0, q0, r0, m0, 'traffic/esp32/frame', ... (17590 bytes))
1773123730: Sending PUBLISH to TrafficAI-1773123712 (d0, q0, r0, m0, 'traffic/esp32/frame', ... (17590 bytes))
1773123730: Received PUBLISH from VirtualCluster-125495 (d0, q0, r0, m0, 'traffic/esp32/frame', ... (17676 bytes))
1773123730: Sending PUBLISH to TrafficAI-1773123712 (d0, q0, r0, m0, 'traffic/esp32/frame', ... (17676 bytes))
1773123730: Received PUBLISH from VirtualCluster-125495 (d0, q0, r0, m0, 'traffic/esp32/frame', ... (16730 bytes))
1773123730: Sending PUBLISH to TrafficAI-1773123712 (d0, q0, r0, m0, 'traffic/esp32/frame', ... (16730 bytes))
1773123730: Received PUBLISH from VirtualCluster-125495 (d0, q0, r0, m0, 'traffic/esp32/frame', ... (17569 bytes))
1773123730: Sending PUBLISH to TrafficAI-1773123712 (d0, q0, r0, m0, 'traffic/esp32/frame', ... (17569 bytes))
1773123730: Received PUBLISH from VirtualCluster-125495 (d0, q0, r0, m0, 'traffic/esp32/frame', ... (17681 bytes))
1773123730: Sending PUBLISH to TrafficAI-1773123712 (d0, q0, r0, m0, 'traffic/esp32/frame', ... (17681 bytes))
1773123730: Received PUBLISH from VirtualCluster-125495 (d0, q0, r0, m0, 'traffic/esp32/frame', ... (16697 bytes))
1773123730: Sending PUBLISH to TrafficAI-1773123712 (d0, q0, r0, m0, 'traffic/esp32/frame', ... (16697 bytes))
1773123730: Received PUBLISH from VirtualCluster-125495 (d0, q0, r0, m0, 'traffic/esp32/frame', ... (17574 bytes))
1773123730: Sending PUBLISH to TrafficAI-1773123712 (d0, q0, r0, m0, 'traffic/esp32/frame', ... (17574 bytes))
1773123730: Received PUBLISH from VirtualCluster-125495 (d0, q0, r0, m0, 'traffic/esp32/frame', ... (17683 bytes))
1773123730: Sending PUBLISH to TrafficAI-1773123712 (d0, q0, r0, m0, 'traffic/esp32/frame', ... (17683 bytes))
1773123730: Received PUBLISH from VirtualCluster-125495 (d0, q0, r0, m0, 'traffic/esp32/frame', ... (16718 bytes))
1773123730: Sending PUBLISH to TrafficAI-1773123712 (d0, q0, r0, m0, 'traffic/esp32/frame', ... (16718 bytes))
1773123730: Received PUBLISH from VirtualCluster-125495 (d0, q0, r0, m0, 'traffic/esp32/frame', ... (17584 bytes))
1773123730: Sending PUBLISH to TrafficAI-1773123712 (d0, q0, r0, m0, 'traffic/esp32/frame', ... (17584 bytes))
1773123730: Received PUBLISH from VirtualCluster-125495 (d0, q0, r0, m0, 'traffic/esp32/frame', ... (17678 bytes))
1773123730: Sending PUBLISH to TrafficAI-1773123712 (d0, q0, r0, m0, 'traffic/esp32/frame', ... (17678 bytes))
1773123730: Received PUBLISH from VirtualCluster-125495 (d0, q0, r0, m0, 'traffic/esp32/frame', ... (16720 bytes))
1773123730: Sending PUBLISH to TrafficAI-1773123712 (d0, q0, r0, m0, 'traffic/esp32/frame', ... (16720 bytes))
1773123730: Received PUBLISH from VirtualCluster-125495 (d0, q0, r0, m0, 'traffic/esp32/frame', ... (17589 bytes))
1773123730: Sending PUBLISH to TrafficAI-1773123712 (d0, q0, r0, m0, 'traffic/esp32/frame', ... (17589 bytes))
1773123730: Received PUBLISH from VirtualCluster-125495 (d0, q0, r0, m0, 'traffic/esp32/frame', ... (17648 bytes))
1773123730: Sending PUBLISH to TrafficAI-1773123712 (d0, q0, r0, m0, 'traffic/esp32/frame', ... (17648 bytes))
1773123730: Received PUBLISH from VirtualCluster-125495 (d0, q0, r0, m0, 'traffic/esp32/frame', ... (16737 bytes))
1773123730: Sending PUBLISH to TrafficAI-1773123712 (d0, q0, r0, m0, 'traffic/esp32/frame', ... (16737 bytes))
1773123730: Received PUBLISH from VirtualCluster-125495 (d0, q0, r0, m0, 'traffic/esp32/frame', ... (17581 bytes))
1773123730: Sending PUBLISH to TrafficAI-1773123712 (d0, q0, r0, m0, 'traffic/esp32/frame', ... (17581 bytes))
1773123731: Received PUBLISH from VirtualCluster-125495 (d0, q0, r0, m0, 'traffic/esp32/frame', ... (17670 bytes))
1773123731: Sending PUBLISH to TrafficAI-1773123712 (d0, q0, r0, m0, 'traffic/esp32/frame', ... (17670 bytes))
1773123731: Received PUBLISH from VirtualCluster-125495 (d0, q0, r0, m0, 'traffic/esp32/frame', ... (16687 bytes))
1773123731: Sending PUBLISH to TrafficAI-1773123712 (d0, q0, r0, m0, 'traffic/esp32/frame', ... (16687 bytes))
1773123731: Received PUBLISH from VirtualCluster-125495 (d0, q0, r0, m0, 'traffic/esp32/frame', ... (17575 bytes))
1773123731: Sending PUBLISH to TrafficAI-1773123712 (d0, q0, r0, m0, 'traffic/esp32/frame', ... (17575 bytes))
1773123731: Received PUBLISH from VirtualCluster-125495 (d0, q0, r0, m0, 'traffic/esp32/frame', ... (17660 bytes))
1773123731: Sending PUBLISH to TrafficAI-1773123712 (d0, q0, r0, m0, 'traffic/esp32/frame', ... (17660 bytes))
1773123731: Received PUBLISH from VirtualCluster-125495 (d0, q1, r0, m273, 'traffic/ai/context', ... (173 bytes))
1773123731: Sending PUBLISH to TrafficAI-1773123712 (d0, q1, r0, m16, 'traffic/ai/context', ... (173 bytes))
1773123731: Sending PUBACK to VirtualCluster-125495 (m273, rc0)
1773123731: Received PUBACK from TrafficAI-1773123712 (Mid: 16, RC:0)
1773123731: Received PUBLISH from VirtualCluster-125495 (d0, q0, r0, m0, 'traffic/esp32/frame', ... (16711 bytes))
1773123731: Sending PUBLISH to TrafficAI-1773123712 (d0, q0, r0, m0, 'traffic/esp32/frame', ... (16711 bytes))
1773123731: Received PUBLISH from VirtualCluster-125495 (d0, q0, r0, m0, 'traffic/esp32/frame', ... (17575 bytes))
1773123731: Sending PUBLISH to TrafficAI-1773123712 (d0, q0, r0, m0, 'traffic/esp32/frame', ... (17575 bytes))
1773123731: Received PUBLISH from VirtualCluster-125495 (d0, q0, r0, m0, 'traffic/esp32/frame', ... (17655 bytes))
1773123731: Sending PUBLISH to TrafficAI-1773123712 (d0, q0, r0, m0, 'traffic/esp32/frame', ... (17655 bytes))
1773123731: Received PUBLISH from VirtualCluster-125495 (d0, q0, r0, m0, 'traffic/esp32/frame', ... (16709 bytes))
1773123731: Sending PUBLISH to TrafficAI-1773123712 (d0, q0, r0, m0, 'traffic/esp32/frame', ... (16709 bytes))
1773123731: Received PUBLISH from VirtualCluster-125495 (d0, q0, r0, m0, 'traffic/esp32/frame', ... (17587 bytes))
1773123731: Sending PUBLISH to TrafficAI-1773123712 (d0, q0, r0, m0, 'traffic/esp32/frame', ... (17587 bytes))
1773123731: Received PUBLISH from VirtualCluster-125495 (d0, q0, r0, m0, 'traffic/esp32/frame', ... (17637 bytes))
1773123731: Sending PUBLISH to TrafficAI-1773123712 (d0, q0, r0, m0, 'traffic/esp32/frame', ... (17637 bytes))
1773123731: Received PUBLISH from VirtualCluster-125495 (d0, q0, r0, m0, 'traffic/esp32/frame', ... (16713 bytes))
1773123731: Sending PUBLISH to TrafficAI-1773123712 (d0, q0, r0, m0, 'traffic/esp32/frame', ... (16713 bytes))
1773123731: Received PUBLISH from VirtualCluster-125495 (d0, q0, r0, m0, 'traffic/esp32/frame', ... (17549 bytes))
1773123731: Sending PUBLISH to TrafficAI-1773123712 (d0, q0, r0, m0, 'traffic/esp32/frame', ... (17549 bytes))
1773123731: Received PUBLISH from VirtualCluster-125495 (d0, q0, r0, m0, 'traffic/esp32/frame', ... (17654 bytes))
1773123731: Sending PUBLISH to TrafficAI-1773123712 (d0, q0, r0, m0, 'traffic/esp32/frame', ... (17654 bytes))
1773123731: Received PUBLISH from VirtualCluster-125495 (d0, q0, r0, m0, 'traffic/esp32/frame', ... (16690 bytes))
1773123731: Sending PUBLISH to TrafficAI-1773123712 (d0, q0, r0, m0, 'traffic/esp32/frame', ... (16690 bytes))
1773123731: Received PUBLISH from VirtualCluster-125495 (d0, q0, r0, m0, 'traffic/esp32/frame', ... (17570 bytes))
1773123731: Sending PUBLISH to TrafficAI-1773123712 (d0, q0, r0, m0, 'traffic/esp32/frame', ... (17570 bytes))
1773123731: Received PUBLISH from VirtualCluster-125495 (d0, q0, r0, m0, 'traffic/esp32/frame', ... (17653 bytes))
1773123731: Sending PUBLISH to TrafficAI-1773123712 (d0, q0, r0, m0, 'traffic/esp32/frame', ... (17653 bytes))
1773123731: Received PUBLISH from VirtualCluster-125495 (d0, q0, r0, m0, 'traffic/esp32/frame', ... (16713 bytes))
1773123731: Sending PUBLISH to TrafficAI-1773123712 (d0, q0, r0, m0, 'traffic/esp32/frame', ... (16713 bytes))
1773123731: Received PUBLISH from VirtualCluster-125495 (d0, q0, r0, m0, 'traffic/esp32/frame', ... (17573 bytes))
1773123731: Sending PUBLISH to TrafficAI-1773123712 (d0, q0, r0, m0, 'traffic/esp32/frame', ... (17573 bytes))
1773123731: Received PUBLISH from VirtualCluster-125495 (d0, q0, r0, m0, 'traffic/esp32/frame', ... (17650 bytes))
1773123731: Sending PUBLISH to TrafficAI-1773123712 (d0, q0, r0, m0, 'traffic/esp32/frame', ... (17650 bytes))
1773123731: Received PUBLISH from VirtualCluster-125495 (d0, q0, r0, m0, 'traffic/esp32/frame', ... (16698 bytes))
1773123731: Sending PUBLISH to TrafficAI-1773123712 (d0, q0, r0, m0, 'traffic/esp32/frame', ... (16698 bytes))
1773123731: Received PUBLISH from VirtualCluster-125495 (d0, q0, r0, m0, 'traffic/esp32/frame', ... (17580 bytes))
1773123731: Sending PUBLISH to TrafficAI-1773123712 (d0, q0, r0, m0, 'traffic/esp32/frame', ... (17580 bytes))
1773123731: Received PUBLISH from VirtualCluster-125495 (d0, q0, r0, m0, 'traffic/esp32/frame', ... (17625 bytes))
1773123731: Sending PUBLISH to TrafficAI-1773123712 (d0, q0, r0, m0, 'traffic/esp32/frame', ... (17625 bytes))
1773123731: Received PUBLISH from VirtualCluster-125495 (d0, q0, r0, m0, 'traffic/esp32/frame', ... (16712 bytes))
1773123731: Sending PUBLISH to TrafficAI-1773123712 (d0, q0, r0, m0, 'traffic/esp32/frame', ... (16712 bytes))
1773123731: Received PUBLISH from VirtualCluster-125495 (d0, q0, r0, m0, 'traffic/esp32/frame', ... (17578 bytes))
1773123731: Sending PUBLISH to TrafficAI-1773123712 (d0, q0, r0, m0, 'traffic/esp32/frame', ... (17578 bytes))
1773123731: Received PUBLISH from VirtualCluster-125495 (d0, q0, r0, m0, 'traffic/esp32/frame', ... (17664 bytes))
1773123731: Sending PUBLISH to TrafficAI-1773123712 (d0, q0, r0, m0, 'traffic/esp32/frame', ... (17664 bytes))
1773123731: Received PUBLISH from VirtualCluster-125495 (d0, q0, r0, m0, 'traffic/esp32/frame', ... (16663 bytes))
1773123731: Sending PUBLISH to TrafficAI-1773123712 (d0, q0, r0, m0, 'traffic/esp32/frame', ... (16663 bytes))
1773123731: Received PUBLISH from VirtualCluster-125495 (d0, q0, r0, m0, 'traffic/esp32/frame', ... (17576 bytes))
1773123731: Sending PUBLISH to TrafficAI-1773123712 (d0, q0, r0, m0, 'traffic/esp32/frame', ... (17576 bytes))
1773123731: Received PUBLISH from VirtualCluster-125495 (d0, q0, r0, m0, 'traffic/esp32/frame', ... (17659 bytes))
1773123731: Sending PUBLISH to TrafficAI-1773123712 (d0, q0, r0, m0, 'traffic/esp32/frame', ... (17659 bytes))
1773123731: Received PUBLISH from VirtualCluster-125495 (d0, q0, r0, m0, 'traffic/esp32/frame', ... (16694 bytes))
1773123731: Sending PUBLISH to TrafficAI-1773123712 (d0, q0, r0, m0, 'traffic/esp32/frame', ... (16694 bytes))
1773123731: Received PUBLISH from VirtualCluster-125495 (d0, q0, r0, m0, 'traffic/esp32/frame', ... (17578 bytes))
1773123731: Sending PUBLISH to TrafficAI-1773123712 (d0, q0, r0, m0, 'traffic/esp32/frame', ... (17578 bytes))
1773123731: Received PUBLISH from VirtualCluster-125495 (d0, q0, r0, m0, 'traffic/esp32/frame', ... (17670 bytes))
1773123731: Sending PUBLISH to TrafficAI-1773123712 (d0, q0, r0, m0, 'traffic/esp32/frame', ... (17670 bytes))
1773123731: Received PUBLISH from VirtualCluster-125495 (d0, q0, r0, m0, 'traffic/esp32/frame', ... (16723 bytes))
1773123731: Sending PUBLISH to TrafficAI-1773123712 (d0, q0, r0, m0, 'traffic/esp32/frame', ... (16723 bytes))
1773123731: Received PUBLISH from VirtualCluster-125495 (d0, q0, r0, m0, 'traffic/esp32/frame', ... (17586 bytes))
1773123731: Sending PUBLISH to TrafficAI-1773123712 (d0, q0, r0, m0, 'traffic/esp32/frame', ... (17586 bytes))
1773123731: Received PUBLISH from VirtualCluster-125495 (d0, q0, r0, m0, 'traffic/esp32/frame', ... (17642 bytes))
1773123731: Sending PUBLISH to TrafficAI-1773123712 (d0, q0, r0, m0, 'traffic/esp32/frame', ... (17642 bytes))
1773123731: Received PUBLISH from VirtualCluster-125495 (d0, q0, r0, m0, 'traffic/esp32/frame', ... (16721 bytes))
1773123731: Sending PUBLISH to TrafficAI-1773123712 (d0, q0, r0, m0, 'traffic/esp32/frame', ... (16721 bytes))
1773123731: Received PUBLISH from VirtualCluster-125495 (d0, q0, r0, m0, 'traffic/esp32/frame', ... (17553 bytes))
1773123731: Sending PUBLISH to TrafficAI-1773123712 (d0, q0, r0, m0, 'traffic/esp32/frame', ... (17553 bytes))
1773123731: Received PUBLISH from VirtualCluster-125495 (d0, q0, r0, m0, 'traffic/esp32/frame', ... (17656 bytes))
1773123731: Sending PUBLISH to TrafficAI-1773123712 (d0, q0, r0, m0, 'traffic/esp32/frame', ... (17656 bytes))
1773123731: Received PUBLISH from VirtualCluster-125495 (d0, q0, r0, m0, 'traffic/esp32/frame', ... (16686 bytes))
1773123731: Sending PUBLISH to TrafficAI-1773123712 (d0, q0, r0, m0, 'traffic/esp32/frame', ... (16686 bytes))
1773123731: Received PUBLISH from VirtualCluster-125495 (d0, q0, r0, m0, 'traffic/esp32/frame', ... (17565 bytes))
1773123731: Sending PUBLISH to TrafficAI-1773123712 (d0, q0, r0, m0, 'traffic/esp32/frame', ... (17565 bytes))
1773123731: Received PUBLISH from VirtualCluster-125495 (d0, q0, r0, m0, 'traffic/esp32/frame', ... (17663 bytes))
1773123731: Sending PUBLISH to TrafficAI-1773123712 (d0, q0, r0, m0, 'traffic/esp32/frame', ... (17663 bytes))
1773123731: Received PUBLISH from VirtualCluster-125495 (d0, q0, r0, m0, 'traffic/esp32/frame', ... (16705 bytes))
1773123731: Sending PUBLISH to TrafficAI-1773123712 (d0, q0, r0, m0, 'traffic/esp32/frame', ... (16705 bytes))
1773123731: Received PUBLISH from VirtualCluster-125495 (d0, q0, r0, m0, 'traffic/esp32/frame', ... (17576 bytes))
1773123731: Sending PUBLISH to TrafficAI-1773123712 (d0, q0, r0, m0, 'traffic/esp32/frame', ... (17576 bytes))
1773123731: Received PUBLISH from VirtualCluster-125495 (d0, q0, r0, m0, 'traffic/esp32/frame', ... (17664 bytes))
1773123731: Sending PUBLISH to TrafficAI-1773123712 (d0, q0, r0, m0, 'traffic/esp32/frame', ... (17664 bytes))
1773123731: Received PUBLISH from VirtualCluster-125495 (d0, q0, r0, m0, 'traffic/esp32/frame', ... (16694 bytes))
1773123731: Sending PUBLISH to TrafficAI-1773123712 (d0, q0, r0, m0, 'traffic/esp32/frame', ... (16694 bytes))
1773123731: Received PUBLISH from VirtualCluster-125495 (d0, q0, r0, m0, 'traffic/esp32/frame', ... (17574 bytes))
1773123731: Sending PUBLISH to TrafficAI-1773123712 (d0, q0, r0, m0, 'traffic/esp32/frame', ... (17574 bytes))
1773123732: Received PUBLISH from VirtualCluster-125495 (d0, q0, r0, m0, 'traffic/esp32/frame', ... (17638 bytes))
1773123732: Sending PUBLISH to TrafficAI-1773123712 (d0, q0, r0, m0, 'traffic/esp32/frame', ... (17638 bytes))
1773123732: Received PUBLISH from VirtualCluster-125495 (d0, q0, r0, m0, 'traffic/esp32/frame', ... (16734 bytes))
1773123732: Sending PUBLISH to TrafficAI-1773123712 (d0, q0, r0, m0, 'traffic/esp32/frame', ... (16734 bytes))
1773123732: Received PUBLISH from VirtualCluster-125495 (d0, q0, r0, m0, 'traffic/esp32/frame', ... (17582 bytes))
1773123732: Sending PUBLISH to TrafficAI-1773123712 (d0, q0, r0, m0, 'traffic/esp32/frame', ... (17582 bytes))
1773123732: Received PUBLISH from VirtualCluster-125495 (d0, q0, r0, m0, 'traffic/esp32/frame', ... (17690 bytes))
1773123732: Sending PUBLISH to TrafficAI-1773123712 (d0, q0, r0, m0, 'traffic/esp32/frame', ... (17690 bytes))
1773123732: Received PUBLISH from VirtualCluster-125495 (d0, q0, r0, m0, 'traffic/esp32/frame', ... (16722 bytes))
1773123732: Sending PUBLISH to TrafficAI-1773123712 (d0, q0, r0, m0, 'traffic/esp32/frame', ... (16722 bytes))
1773123732: Received PUBLISH from VirtualCluster-125495 (d0, q0, r0, m0, 'traffic/esp32/frame', ... (17583 bytes))
1773123732: Sending PUBLISH to TrafficAI-1773123712 (d0, q0, r0, m0, 'traffic/esp32/frame', ... (17583 bytes))
1773123732: Received PUBLISH from VirtualCluster-125495 (d0, q0, r0, m0, 'traffic/esp32/frame', ... (17675 bytes))
1773123732: Sending PUBLISH to TrafficAI-1773123712 (d0, q0, r0, m0, 'traffic/esp32/frame', ... (17675 bytes))
1773123732: Received PUBLISH from VirtualCluster-125495 (d0, q1, r0, m322, 'traffic/ai/violation', ... (57241 bytes))
1773123732: Sending PUBLISH to TrafficAI-1773123712 (d0, q1, r0, m17, 'traffic/ai/violation', ... (57241 bytes))
1773123732: Sending PUBACK to VirtualCluster-125495 (m322, rc0)
1773123732: Received PUBACK from TrafficAI-1773123712 (Mid: 17, RC:0)
1773123732: Received PUBLISH from VirtualCluster-125495 (d0, q0, r0, m0, 'traffic/esp32/frame', ... (16709 bytes))
1773123732: Sending PUBLISH to TrafficAI-1773123712 (d0, q0, r0, m0, 'traffic/esp32/frame', ... (16709 bytes))
1773123732: Received PUBLISH from VirtualCluster-125495 (d0, q0, r0, m0, 'traffic/esp32/frame', ... (17591 bytes))
1773123732: Sending PUBLISH to TrafficAI-1773123712 (d0, q0, r0, m0, 'traffic/esp32/frame', ... (17591 bytes))
1773123732: Received PUBLISH from VirtualCluster-125495 (d0, q0, r0, m0, 'traffic/esp32/frame', ... (17674 bytes))
1773123732: Sending PUBLISH to TrafficAI-1773123712 (d0, q0, r0, m0, 'traffic/esp32/frame', ... (17674 bytes))
1773123732: Received PUBLISH from VirtualCluster-125495 (d0, q0, r0, m0, 'traffic/esp32/frame', ... (16705 bytes))
1773123732: Sending PUBLISH to TrafficAI-1773123712 (d0, q0, r0, m0, 'traffic/esp32/frame', ... (16705 bytes))
1773123732: Received PUBLISH from VirtualCluster-125495 (d0, q0, r0, m0, 'traffic/esp32/frame', ... (17600 bytes))
1773123732: Sending PUBLISH to TrafficAI-1773123712 (d0, q0, r0, m0, 'traffic/esp32/frame', ... (17600 bytes))
1773123732: Received PUBLISH from VirtualCluster-125495 (d0, q0, r0, m0, 'traffic/esp32/frame', ... (17665 bytes))
1773123732: Sending PUBLISH to TrafficAI-1773123712 (d0, q0, r0, m0, 'traffic/esp32/frame', ... (17665 bytes))
1773123732: Received PUBLISH from VirtualCluster-125495 (d0, q0, r0, m0, 'traffic/esp32/frame', ... (16738 bytes))
1773123732: Sending PUBLISH to TrafficAI-1773123712 (d0, q0, r0, m0, 'traffic/esp32/frame', ... (16738 bytes))
1773123732: Received PUBLISH from VirtualCluster-125495 (d0, q0, r0, m0, 'traffic/esp32/frame', ... (17566 bytes))
1773123732: Sending PUBLISH to TrafficAI-1773123712 (d0, q0, r0, m0, 'traffic/esp32/frame', ... (17566 bytes))
1773123732: Received PUBLISH from VirtualCluster-125495 (d0, q0, r0, m0, 'traffic/esp32/frame', ... (17672 bytes))
1773123732: Sending PUBLISH to TrafficAI-1773123712 (d0, q0, r0, m0, 'traffic/esp32/frame', ... (17672 bytes))
1773123732: Received PUBLISH from VirtualCluster-125495 (d0, q0, r0, m0, 'traffic/esp32/frame', ... (16723 bytes))
1773123732: Sending PUBLISH to TrafficAI-1773123712 (d0, q0, r0, m0, 'traffic/esp32/frame', ... (16723 bytes))
1773123732: Received PUBLISH from VirtualCluster-125495 (d0, q0, r0, m0, 'traffic/esp32/frame', ... (17582 bytes))
1773123732: Sending PUBLISH to TrafficAI-1773123712 (d0, q0, r0, m0, 'traffic/esp32/frame', ... (17582 bytes))
