2026-03-06 16:56:14 [INFO] main: ============================================================
2026-03-06 16:56:14 [INFO] main: 🚦  HỆ THỐNG PHÁT HIỆN VI PHẠM GIAO THÔNG
2026-03-06 16:56:14 [INFO] main: ============================================================
2026-03-06 16:56:14 [INFO] main: ✅  Supabase đã kết nối
2026-03-06 16:56:14 [INFO] main: ✅  Uploads: uploads/
2026-03-06 16:56:14 [INFO] main: 🌐  Docs: http://localhost:8000/docs
2026-03-06 16:56:14 [INFO] main: ============================================================
2026-03-06 16:58:39 [INFO] httpx: HTTP Request: GET https://hfnyjmdloozduyrlgnht.supabase.co/rest/v1/view_violations_full?select=%2A&order=timestamp.desc&limit=10 "HTTP/2 401 Unauthorized"
2026-03-06 16:58:39 [INFO] httpx: HTTP Request: GET https://hfnyjmdloozduyrlgnht.supabase.co/rest/v1/view_camera_summary?select=%2A&order=camera_id.asc "HTTP/2 401 Unauthorized"
2026-03-06 16:58:39 [INFO] httpx: HTTP Request: GET https://hfnyjmdloozduyrlgnht.supabase.co/rest/v1/view_camera_summary?select=%2A&order=camera_id.asc "HTTP/2 401 Unauthorized"
2026-03-06 16:58:41 [INFO] httpx: HTTP Request: GET https://hfnyjmdloozduyrlgnht.supabase.co/rest/v1/view_camera_summary?select=%2A&order=camera_id.asc "HTTP/2 401 Unauthorized"
2026-03-06 16:58:41 [INFO] httpx: HTTP Request: GET https://hfnyjmdloozduyrlgnht.supabase.co/rest/v1/view_violations_full?select=%2A&order=timestamp.desc&offset=0&limit=20 "HTTP/2 401 Unauthorized"
2026-03-06 16:58:42 [INFO] httpx: HTTP Request: GET https://hfnyjmdloozduyrlgnht.supabase.co/rest/v1/view_camera_summary?select=%2A&order=camera_id.asc "HTTP/2 401 Unauthorized"
2026-03-06 16:58:43 [INFO] httpx: HTTP Request: GET https://hfnyjmdloozduyrlgnht.supabase.co/rest/v1/view_violations_full?select=%2A&order=timestamp.desc&offset=0&limit=20 "HTTP/2 401 Unauthorized"
2026-03-06 16:58:49 [INFO] httpx: HTTP Request: GET https://hfnyjmdloozduyrlgnht.supabase.co/rest/v1/view_camera_summary?select=%2A&order=camera_id.asc "HTTP/2 401 Unauthorized"
2026-03-06 16:58:50 [INFO] httpx: HTTP Request: GET https://hfnyjmdloozduyrlgnht.supabase.co/rest/v1/view_violations_full?select=%2A&order=timestamp.desc&limit=10 "HTTP/2 401 Unauthorized"
2026-03-06 16:58:50 [INFO] httpx: HTTP Request: GET https://hfnyjmdloozduyrlgnht.supabase.co/rest/v1/view_camera_summary?select=%2A&order=camera_id.asc "HTTP/2 401 Unauthorized"
2026-03-06 16:58:58 [INFO] httpx: HTTP Request: GET https://hfnyjmdloozduyrlgnht.supabase.co/rest/v1/view_camera_summary?select=%2A&order=camera_id.asc "HTTP/2 401 Unauthorized"
2026-03-06 16:58:59 [INFO] httpx: HTTP Request: GET https://hfnyjmdloozduyrlgnht.supabase.co/rest/v1/view_violations_full?select=%2A&order=timestamp.desc&offset=0&limit=20 "HTTP/2 401 Unauthorized"
2026-03-06 16:59:00 [INFO] httpx: HTTP Request: GET https://hfnyjmdloozduyrlgnht.supabase.co/rest/v1/view_camera_summary?select=%2A&order=camera_id.asc "HTTP/2 401 Unauthorized"
2026-03-06 16:59:01 [INFO] httpx: HTTP Request: GET https://hfnyjmdloozduyrlgnht.supabase.co/rest/v1/view_violations_full?select=%2A&order=timestamp.desc&limit=10 "HTTP/2 401 Unauthorized"
2026-03-06 16:59:01 [INFO] httpx: HTTP Request: GET https://hfnyjmdloozduyrlgnht.supabase.co/rest/v1/view_camera_summary?select=%2A&order=camera_id.asc "HTTP/2 401 Unauthorized"
2026-03-06 16:59:06 [INFO] httpx: HTTP Request: GET https://hfnyjmdloozduyrlgnht.supabase.co/rest/v1/view_camera_summary?select=%2A&order=camera_id.asc "HTTP/2 401 Unauthorized"
2026-03-06 16:59:06 [INFO] httpx: HTTP Request: GET https://hfnyjmdloozduyrlgnht.supabase.co/rest/v1/view_violations_full?select=%2A&order=timestamp.desc&limit=10 "HTTP/2 401 Unauthorized"
2026-03-06 16:59:06 [INFO] httpx: HTTP Request: GET https://hfnyjmdloozduyrlgnht.supabase.co/rest/v1/view_camera_summary?select=%2A&order=camera_id.asc "HTTP/2 401 Unauthorized"
2026-03-06 16:59:07 [INFO] httpx: HTTP Request: GET https://hfnyjmdloozduyrlgnht.supabase.co/rest/v1/view_camera_summary?select=%2A&order=camera_id.asc "HTTP/2 401 Unauthorized"
2026-03-06 16:59:07 [INFO] httpx: HTTP Request: GET https://hfnyjmdloozduyrlgnht.supabase.co/rest/v1/view_violations_full?select=%2A&order=timestamp.desc&limit=10 "HTTP/2 401 Unauthorized"
2026-03-06 16:59:07 [INFO] httpx: HTTP Request: GET https://hfnyjmdloozduyrlgnht.supabase.co/rest/v1/view_camera_summary?select=%2A&order=camera_id.asc "HTTP/2 401 Unauthorized"
2026-03-06 16:59:08 [INFO] httpx: HTTP Request: GET https://hfnyjmdloozduyrlgnht.supabase.co/rest/v1/view_camera_summary?select=%2A&order=camera_id.asc "HTTP/2 401 Unauthorized"
2026-03-06 16:59:08 [INFO] httpx: HTTP Request: GET https://hfnyjmdloozduyrlgnht.supabase.co/rest/v1/view_violations_full?select=%2A&order=timestamp.desc&limit=10 "HTTP/2 401 Unauthorized"
2026-03-06 16:59:08 [INFO] httpx: HTTP Request: GET https://hfnyjmdloozduyrlgnht.supabase.co/rest/v1/view_camera_summary?select=%2A&order=camera_id.asc "HTTP/2 401 Unauthorized"
2026-03-06 16:59:12 [INFO] httpx: HTTP Request: GET https://hfnyjmdloozduyrlgnht.supabase.co/rest/v1/view_camera_summary?select=%2A&order=camera_id.asc "HTTP/2 401 Unauthorized"
2026-03-06 16:59:13 [INFO] httpx: HTTP Request: GET https://hfnyjmdloozduyrlgnht.supabase.co/rest/v1/view_violations_full?select=%2A&order=timestamp.desc&offset=0&limit=20 "HTTP/2 401 Unauthorized"
